Component: Arm Compiler for Embedded 6.21 Tool: armlink [5ec1fa00]

==============================================================================

Section Cross References

    main.o(.text.LED_Init) refers to stm32f4xx_hal_gpio.o(.text.HAL_GPIO_Init) for HAL_GPIO_Init
    main.o(.ARM.exidx.text.LED_Init) refers to main.o(.text.LED_Init) for [Anonymous Symbol]
    main.o(.text.main) refers to stm32f4xx_hal.o(.text.HAL_Init) for HAL_Init
    main.o(.text.main) refers to usart.o(.text.USART_Init) for USART_Init
    main.o(.text.main) refers to usart_unit_test.o(.text.USART_UnitTest) for USART_UnitTest
    main.o(.ARM.exidx.text.main) refers to main.o(.text.main) for [Anonymous Symbol]
    delay.o(.text.SysTick_Handler) refers to delay.o(.bss.ticks) for ticks
    delay.o(.ARM.exidx.text.SysTick_Handler) refers to delay.o(.text.SysTick_Handler) for [Anonymous Symbol]
    delay.o(.text.delay) refers to delay.o(.bss.ticks) for ticks
    delay.o(.ARM.exidx.text.delay) refers to delay.o(.text.delay) for [Anonymous Symbol]
    ring_buffer.o(.text.RingBuffer_Init) refers to ring_buffer.o(.rodata.str1.1) for .L.str.1
    ring_buffer.o(.text.RingBuffer_Init) refers to assert.o(.text) for __aeabi_assert
    ring_buffer.o(.ARM.exidx.text.RingBuffer_Init) refers to ring_buffer.o(.text.RingBuffer_Init) for [Anonymous Symbol]
    ring_buffer.o(.text.RingBuffer_Clear) refers to rt_memclr.o(.text) for __aeabi_memclr
    ring_buffer.o(.text.RingBuffer_Clear) refers to ring_buffer.o(.rodata.str1.1) for .L.str
    ring_buffer.o(.text.RingBuffer_Clear) refers to assert.o(.text) for __aeabi_assert
    ring_buffer.o(.ARM.exidx.text.RingBuffer_Clear) refers to ring_buffer.o(.text.RingBuffer_Clear) for [Anonymous Symbol]
    ring_buffer.o(.text.RingBuffer_IsEmpty) refers to ring_buffer.o(.rodata.str1.1) for .L.str
    ring_buffer.o(.text.RingBuffer_IsEmpty) refers to assert.o(.text) for __aeabi_assert
    ring_buffer.o(.ARM.exidx.text.RingBuffer_IsEmpty) refers to ring_buffer.o(.text.RingBuffer_IsEmpty) for [Anonymous Symbol]
    ring_buffer.o(.text.RingBuffer_GetLen) refers to ring_buffer.o(.rodata.str1.1) for .L.str
    ring_buffer.o(.text.RingBuffer_GetLen) refers to assert.o(.text) for __aeabi_assert
    ring_buffer.o(.ARM.exidx.text.RingBuffer_GetLen) refers to ring_buffer.o(.text.RingBuffer_GetLen) for [Anonymous Symbol]
    ring_buffer.o(.text.RingBuffer_GetCapacity) refers to ring_buffer.o(.rodata.str1.1) for .L.str
    ring_buffer.o(.text.RingBuffer_GetCapacity) refers to assert.o(.text) for __aeabi_assert
    ring_buffer.o(.ARM.exidx.text.RingBuffer_GetCapacity) refers to ring_buffer.o(.text.RingBuffer_GetCapacity) for [Anonymous Symbol]
    ring_buffer.o(.text.RingBuffer_PutChar) refers to ring_buffer.o(.rodata.str1.1) for .L.str
    ring_buffer.o(.text.RingBuffer_PutChar) refers to assert.o(.text) for __aeabi_assert
    ring_buffer.o(.ARM.exidx.text.RingBuffer_PutChar) refers to ring_buffer.o(.text.RingBuffer_PutChar) for [Anonymous Symbol]
    ring_buffer.o(.text.RingBuffer_GetChar) refers to ring_buffer.o(.rodata.str1.1) for .L.str
    ring_buffer.o(.text.RingBuffer_GetChar) refers to assert.o(.text) for __aeabi_assert
    ring_buffer.o(.ARM.exidx.text.RingBuffer_GetChar) refers to ring_buffer.o(.text.RingBuffer_GetChar) for [Anonymous Symbol]
    usart.o(.text.USART_PutChar) refers to usart.o(.bss..L_MergedGlobals) for .L_MergedGlobals
    usart.o(.text.USART_PutChar) refers to ring_buffer.o(.text.RingBuffer_PutChar) for RingBuffer_PutChar
    usart.o(.ARM.exidx.text.USART_PutChar) refers to usart.o(.text.USART_PutChar) for [Anonymous Symbol]
    usart.o(.text.USART_WriteData) refers to usart.o(.bss..L_MergedGlobals) for .L_MergedGlobals
    usart.o(.text.USART_WriteData) refers to ring_buffer.o(.text.RingBuffer_PutChar) for RingBuffer_PutChar
    usart.o(.ARM.exidx.text.USART_WriteData) refers to usart.o(.text.USART_WriteData) for [Anonymous Symbol]
    usart.o(.text.USART_WriteString) refers to strlen.o(.text) for strlen
    usart.o(.text.USART_WriteString) refers to usart.o(.bss..L_MergedGlobals) for .L_MergedGlobals
    usart.o(.text.USART_WriteString) refers to ring_buffer.o(.text.RingBuffer_PutChar) for RingBuffer_PutChar
    usart.o(.ARM.exidx.text.USART_WriteString) refers to usart.o(.text.USART_WriteString) for [Anonymous Symbol]
    usart.o(.text.USART_GetChar) refers to usart.o(.bss..L_MergedGlobals) for .L_MergedGlobals
    usart.o(.text.USART_GetChar) refers to ring_buffer.o(.text.RingBuffer_GetChar) for RingBuffer_GetChar
    usart.o(.ARM.exidx.text.USART_GetChar) refers to usart.o(.text.USART_GetChar) for [Anonymous Symbol]
    usart.o(.text.USART_ReadData) refers to usart.o(.bss..L_MergedGlobals) for .L_MergedGlobals
    usart.o(.text.USART_ReadData) refers to ring_buffer.o(.text.RingBuffer_GetChar) for RingBuffer_GetChar
    usart.o(.ARM.exidx.text.USART_ReadData) refers to usart.o(.text.USART_ReadData) for [Anonymous Symbol]
[...]
    Removing stm32f4xx_hal_usart.o(.ARM.exidx.text.USART_DMAAbortOnError), (8 bytes).
    Removing stm32f4xx_hal_usart.o(.text.HAL_USART_ErrorCallback), (2 bytes).
    Removing stm32f4xx_hal_usart.o(.ARM.exidx.text.HAL_USART_ErrorCallback), (8 bytes).
    Removing stm32f4xx_hal_usart.o(.text.HAL_USART_TxCpltCallback), (2 bytes).
    Removing stm32f4xx_hal_usart.o(.ARM.exidx.text.HAL_USART_TxCpltCallback), (8 bytes).
    Removing stm32f4xx_hal_usart.o(.text.HAL_USART_TxHalfCpltCallback), (2 bytes).
    Removing stm32f4xx_hal_usart.o(.ARM.exidx.text.HAL_USART_TxHalfCpltCallback), (8 bytes).
    Removing stm32f4xx_hal_usart.o(.text.HAL_USART_RxCpltCallback), (2 bytes).
    Removing stm32f4xx_hal_usart.o(.ARM.exidx.text.HAL_USART_RxCpltCallback), (8 bytes).
    Removing stm32f4xx_hal_usart.o(.text.HAL_USART_RxHalfCpltCallback), (2 bytes).
    Removing stm32f4xx_hal_usart.o(.ARM.exidx.text.HAL_USART_RxHalfCpltCallback), (8 bytes).
    Removing stm32f4xx_hal_usart.o(.text.HAL_USART_TxRxCpltCallback), (2 bytes).
    Removing stm32f4xx_hal_usart.o(.ARM.exidx.text.HAL_USART_TxRxCpltCallback), (8 bytes).
    Removing stm32f4xx_hal_usart.o(.text.HAL_USART_GetState), (6 bytes).
    Removing stm32f4xx_hal_usart.o(.ARM.exidx.text.HAL_USART_GetState), (8 bytes).
    Removing stm32f4xx_hal_usart.o(.text.HAL_USART_GetError), (4 bytes).
    Removing stm32f4xx_hal_usart.o(.ARM.exidx.text.HAL_USART_GetError), (8 bytes).
    Removing system_stm32f4xx.o(.text), (0 bytes).
    Removing system_stm32f4xx.o(.ARM.exidx.text.SystemInit), (8 bytes).
    Removing system_stm32f4xx.o(.text.SystemCoreClockUpdate), (134 bytes).
    Removing system_stm32f4xx.o(.ARM.exidx.text.SystemCoreClockUpdate), (8 bytes).
    Removing system_stm32f4xx.o(.rodata.AHBPrescTable), (16 bytes).

481 unused section(s) (total 26800 bytes) removed from the image.

==============================================================================

Image Symbol Table

    Local Symbols

    Symbol Name                              Value     Ov Type        Size  Object(Section)

    ../clib/angel/boardlib.s                 0x00000000   Number         0  boardinit1.o ABSOLUTE
    ../clib/angel/boardlib.s                 0x00000000   Number         0  boardinit2.o ABSOLUTE
    ../clib/angel/boardlib.s                 0x00000000   Number         0  boardinit3.o ABSOLUTE
    ../clib/angel/boardlib.s                 0x00000000   Number         0  boardshut.o ABSOLUTE
    ../clib/angel/handlers.s                 0x00000000   Number         0  __scatter_copy.o ABSOLUTE
    ../clib/angel/handlers.s                 0x00000000   Number         0  __scatter_zi.o ABSOLUTE
    ../clib/angel/kernel.s                   0x00000000   Number         0  __rtentry.o ABSOLUTE
    ../clib/angel/kernel.s                   0x00000000   Number         0  __rtentry2.o ABSOLUTE
    ../clib/angel/kernel.s                   0x00000000   Number         0  __rtentry4.o ABSOLUTE
    ../clib/angel/kernel.s                   0x00000000   Number         0  rtexit.o ABSOLUTE
    ../clib/angel/kernel.s                   0x00000000   Number         0  rtexit2.o ABSOLUTE
    ../clib/angel/rt.s                       0x00000000   Number         0  aeabi_ldiv0.o ABSOLUTE
    ../clib/angel/rt.s                       0x00000000   Number         0  aeabi_ldiv0_sigfpe.o ABSOLUTE
    ../clib/angel/rt.s                       0x00000000   Number         0  rt_div0.o ABSOLUTE
    ../clib/angel/rt.s                       0x00000000   Number         0  rt_raise.o ABSOLUTE
    ../clib/angel/rt.s                       0x00000000   Number         0  rt_heap_descriptor.o ABSOLUTE
    ../clib/angel/rt.s                       0x00000000   Number         0  rt_heap_descriptor_intlibspace.o ABSOLUTE
    ../clib/angel/rt.s                       0x00000000   Number         0  rt_errno_addr.o ABSOLUTE
    ../clib/angel/rt.s                       0x00000000   Number         0  rt_errno_addr_intlibspace.o ABSOLUTE
    ../clib/angel/scatter.s                  0x00000000   Number         0  __scatter.o ABSOLUTE
    ../clib/angel/startup.s                  0x00000000   Number         0  __main.o ABSOLUTE
    ../clib/angel/sys.s                      0x00000000   Number         0  use_no_semi.o ABSOLUTE
    ../clib/angel/sys.s                      0x00000000   Number         0  mutex_dummy.o ABSOLUTE
    ../clib/angel/sys.s                      0x00000000   Number         0  indicate_semi.o ABSOLUTE
    ../clib/angel/sys.s                      0x00000000   Number         0  sys_stackheap_outer.o ABSOLUTE
    ../clib/angel/sys.s                      0x00000000   Number         0  libspace.o ABSOLUTE
    ../clib/angel/sysapp.c                   0x00000000   Number         0  sys_wrch.o ABSOLUTE
    ../clib/angel/sysapp.c                   0x00000000   Number         0  sys_exit.o ABSOLUTE
    ../clib/angel/sysapp.c                   0x00000000   Number         0  sys_wrch_hlt.o ABSOLUTE
    ../clib/angel/sysapp.c                   0x00000000   Number         0  sys_exit_hlt.o ABSOLUTE
    ../clib/angel/sysapp.c                   0x00000000   Number         0  sys_command.o ABSOLUTE
    ../clib/angel/sysapp.c                   0x00000000   Number         0  sys_command_hlt.o ABSOLUTE
    ../clib/armsys.c                         0x00000000   Number         0  argv_veneer.o ABSOLUTE
    ../clib/armsys.c                         0x00000000   Number         0  argv_veneer.o ABSOLUTE
    ../clib/armsys.c                         0x00000000   Number         0  _get_argv.o ABSOLUTE
    ../clib/armsys.c                         0x00000000   Number         0  _get_argv_nomalloc.o ABSOLUTE
    ../clib/armsys.c                         0x00000000   Number         0  no_argv.o ABSOLUTE
    ../clib/assert.c                         0x00000000   Number         0  assert.o ABSOLUTE
    ../clib/assert.c                         0x00000000   Number         0  assert_puts.o ABSOLUTE
    ../clib/assert.c                         0x00000000   Number         0  assert_stdio.o ABSOLUTE
    ../clib/heap1.c                          0x00000000   Number         0  h1_free.o ABSOLUTE
    ../clib/heap1.c                          0x00000000   Number         0  h1_free_threads.o ABSOLUTE
    ../clib/heap1.c                          0x00000000   Number         0  h1_alloc.o ABSOLUTE
    ../clib/heap1.c                          0x00000000   Number         0  h1_alloc_threads.o ABSOLUTE
    ../clib/heap1.c                          0x00000000   Number         0  h1_init.o ABSOLUTE
    ../clib/heap1.c                          0x00000000   Number         0  h1_extend.o ABSOLUTE
    ../clib/heap1.c                          0x00000000   Number         0  h1_init_threads.o ABSOLUTE
    ../clib/heap1.c                          0x00000000   Number         0  h1_extend_threads.o ABSOLUTE
    ../clib/heap1.c                          0x00000000   Number         0  h1_final.o ABSOLUTE
    ../clib/heap1.c                          0x00000000   Number         0  h1_final_threads.o ABSOLUTE
    ../clib/heap2.c                          0x00000000   Number         0  heap2.o ABSOLUTE
    ../clib/heap2.c                          0x00000000   Number         0  heap2_threads.o ABSOLUTE
    ../clib/heap2.c                          0x00000000   Number         0  fdtree.o ABSOLUTE
    ../clib/heapalloc.c                      0x00000000   Number         0  free.o ABSOLUTE
    ../clib/heapalloc.c                      0x00000000   Number         0  hguard.o ABSOLUTE
    ../clib/heapalloc.c                      0x00000000   Number         0  init_alloc.o ABSOLUTE
    ../clib/heapalloc.c                      0x00000000   Number         0  malloc.o ABSOLUTE
    ../clib/heapalloc.c                      0x00000000   Number         0  heapstubs.o ABSOLUTE
    ../clib/heapalloc.c                      0x00000000   Number         0  hrguard.o ABSOLUTE
    ../clib/heapalloc.c                      0x00000000   Number         0  term_alloc.o ABSOLUTE
    ../clib/heapaux.c                        0x00000000   Number         0  heapauxi.o ABSOLUTE
    ../clib/heapaux.c                        0x00000000   Number         0  heapauxa.o ABSOLUTE
    ../clib/libinit.s                        0x00000000   Number         0  libinit.o ABSOLUTE
    ../clib/libinit.s                        0x00000000   Number         0  libinit2.o ABSOLUTE
    ../clib/libinit.s                        0x00000000   Number         0  libshutdown2.o ABSOLUTE
    ../clib/libinit.s                        0x00000000   Number         0  libshutdown.o ABSOLUTE
    ../clib/longlong.s                       0x00000000   Number         0  lludivv7m.o ABSOLUTE
    ../clib/maybe.s                          0x00000000   Number         0  maybetermalloc1.o ABSOLUTE
    ../clib/maybe.s                          0x00000000   Number         0  maybetermalloc2.o ABSOLUTE
    ../clib/memcpset.s                       0x00000000   Number         0  rt_memclr.o ABSOLUTE
    ../clib/memcpset.s                       0x00000000   Number         0  strcmpv7em.o ABSOLUTE
    ../clib/memcpset.s                       0x00000000   Number         0  rt_memclr_w.o ABSOLUTE
    ../clib/memcpset.s                       0x00000000   Number         0  rt_memcpy_w.o ABSOLUTE
    ../clib/memcpset.s                       0x00000000   Number         0  rt_memcpy_v6.o ABSOLUTE
    ../clib/printf.c                         0x00000000   Number         0  __2printf.o ABSOLUTE
    ../clib/printf.c                         0x00000000   Number         0  noretval__2printf.o ABSOLUTE
    ../clib/printf.c                         0x00000000   Number         0  _printf_char_file.o ABSOLUTE
    ../clib/printf.c                         0x00000000   Number         0  _printf_char_common.o ABSOLUTE
    ../clib/printf.c                         0x00000000   Number         0  __printf_nopercent.o ABSOLUTE
    ../clib/printf.c                         0x00000000   Number         0  _printf_char_file_locked.o ABSOLUTE
    ../clib/signal.c                         0x00000000   Number         0  defsig_abrt_outer.o ABSOLUTE
    ../clib/signal.c                         0x00000000   Number         0  defsig_abrt_formal.o ABSOLUTE
    ../clib/signal.c                         0x00000000   Number         0  defsig_exit.o ABSOLUTE
    ../clib/signal.c                         0x00000000   Number         0  defsig_abrt_inner.o ABSOLUTE
    ../clib/signal.c                         0x00000000   Number         0  defsig_fpe_outer.o ABSOLUTE
    ../clib/signal.c                         0x00000000   Number         0  defsig_fpe_formal.o ABSOLUTE
    ../clib/signal.c                         0x00000000   Number         0  defsig_rtred_outer.o ABSOLUTE
    ../clib/signal.c                         0x00000000   Number         0  defsig_rtred_formal.o ABSOLUTE
    ../clib/signal.c                         0x00000000   Number         0  __raise.o ABSOLUTE
    ../clib/signal.c                         0x00000000   Number         0  defsig_general.o ABSOLUTE
    ../clib/signal.c                         0x00000000   Number         0  defsig_fpe_inner.o ABSOLUTE
    ../clib/signal.c                         0x00000000   Number         0  defsig_rtred_inner.o ABSOLUTE
    ../clib/signal.c                         0x00000000   Number         0  defsig_rtmem_outer.o ABSOLUTE
    ../clib/signal.c                         0x00000000   Number         0  defsig_rtmem_formal.o ABSOLUTE
    ../clib/signal.c                         0x00000000   Number         0  defsig_rtmem_inner.o ABSOLUTE
    ../clib/signal.c                         0x00000000   Number         0  defsig_stak_inner.o ABSOLUTE
    ../clib/signal.c                         0x00000000   Number         0  defsig_pvfn_inner.o ABSOLUTE
    ../clib/signal.c                         0x00000000   Number         0  defsig_cppl_inner.o ABSOLUTE
    ../clib/signal.c                         0x00000000   Number         0  defsig_segv_inner.o ABSOLUTE
    ../clib/signal.c                         0x00000000   Number         0  defsig_other.o ABSOLUTE
    ../clib/signal.s                         0x00000000   Number         0  defsig.o ABSOLUTE
    ../clib/stdio.c                          0x00000000   Number         0  stdio_streams.o ABSOLUTE
    ../clib/stdio.c                          0x00000000   Number         0  ferror.o ABSOLUTE
    ../clib/stdio.c                          0x00000000   Number         0  fputc.o ABSOLUTE
    ../clib/stdio.c                          0x00000000   Number         0  initio.o ABSOLUTE
    ../clib/stdio.c                          0x00000000   Number         0  fputc_locked.o ABSOLUTE
    ../clib/stdio.c                          0x00000000   Number         0  ferror_locked.o ABSOLUTE
    ../clib/stdio.c                          0x00000000   Number         0  initio_locked.o ABSOLUTE
    ../clib/stdio.c                          0x00000000   Number         0  flsbuf.o ABSOLUTE
    ../clib/stdio.c                          0x00000000   Number         0  setvbuf.o ABSOLUTE
    ../clib/stdio.c                          0x00000000   Number         0  streamlock.o ABSOLUTE
    ../clib/stdio.c                          0x00000000   Number         0  fopen.o ABSOLUTE
    ../clib/stdio.c                          0x00000000   Number         0  fclose.o ABSOLUTE
    ../clib/stdio.c                          0x00000000   Number         0  setvbuf_locked.o ABSOLUTE
    ../clib/stdio.c                          0x00000000   Number         0  fopen_locked.o ABSOLUTE
    ../clib/stdio.c                          0x00000000   Number         0  fseek.o ABSOLUTE
    ../clib/stdio.c                          0x00000000   Number         0  stdio.o ABSOLUTE
    ../clib/stdio.c                          0x00000000   Number         0  fwritefast.o ABSOLUTE
    ../clib/stdio.c                          0x00000000   Number         0  fwritefast_locked.o ABSOLUTE
    ../clib/stdio.c                          0x00000000   Number         0  fflush.o ABSOLUTE
    ../clib/stdio.c                          0x00000000   Number         0  fputs.o ABSOLUTE
    ../clib/stdio.c                          0x00000000   Number         0  ftell.o ABSOLUTE
    ../clib/stdio.c                          0x00000000   Number         0  fputs_locked.o ABSOLUTE
    ../clib/stdio.c                          0x00000000   Number         0  fflush_locked.o ABSOLUTE
    ../clib/stdlib.c                         0x00000000   Number         0  abort.o ABSOLUTE
    ../clib/stdlib.c                         0x00000000   Number         0  exit.o ABSOLUTE
    ../clib/string.c                         0x00000000   Number         0  strlen.o ABSOLUTE
    ../clib/wchar.c                          0x00000000   Number         0  flsbuf_fwide.o ABSOLUTE
    ../fplib/fpinit.s                        0x00000000   Number         0  fpinit.o ABSOLUTE
    RTE/Device/STM32F429ZITx/startup_stm32f429xx.s 0x00000000   Number         0  startup_stm32f429xx.o ABSOLUTE
    dc.s                                     0x00000000   Number         0  dc.o ABSOLUTE
    delay.c                                  0x00000000   Number         0  delay.o ABSOLUTE
    main.c                                   0x00000000   Number         0  main.o ABSOLUTE
    retarget_io.c                            0x00000000   Number         0  retarget_io.o ABSOLUTE
    ring_buffer.c                            0x00000000   Number         0  ring_buffer.o ABSOLUTE
    stm32f4xx_hal.c                          0x00000000   Number         0  stm32f4xx_hal.o ABSOLUTE
    stm32f4xx_hal_cortex.c                   0x00000000   Number         0  stm32f4xx_hal_cortex.o ABSOLUTE
    stm32f4xx_hal_dma.c                      0x00000000   Number         0  stm32f4xx_hal_dma.o ABSOLUTE
    stm32f4xx_hal_dma_ex.c                   0x00000000   Number         0  stm32f4xx_hal_dma_ex.o ABSOLUTE
    stm32f4xx_hal_gpio.c                     0x00000000   Number         0  stm32f4xx_hal_gpio.o ABSOLUTE
    stm32f4xx_hal_pwr.c                      0x00000000   Number         0  stm32f4xx_hal_pwr.o ABSOLUTE
    stm32f4xx_hal_pwr_ex.c                   0x00000000   Number         0  stm32f4xx_hal_pwr_ex.o ABSOLUTE
    stm32f4xx_hal_rcc.c                      0x00000000   Number         0  stm32f4xx_hal_rcc.o ABSOLUTE
    stm32f4xx_hal_rcc_ex.c                   0x00000000   Number         0  stm32f4xx_hal_rcc_ex.o ABSOLUTE
    stm32f4xx_hal_uart.c                     0x00000000   Number         0  stm32f4xx_hal_uart.o ABSOLUTE
    stm32f4xx_hal_usart.c                    0x00000000   Number         0  stm32f4xx_hal_usart.o ABSOLUTE
    system_stm32f4xx.c                       0x00000000   Number         0  system_stm32f4xx.o ABSOLUTE
    usart.c                                  0x00000000   Number         0  usart.o ABSOLUTE
    usart_unit_test.c                        0x00000000   Number         0  usart_unit_test.o ABSOLUTE
    RESET                                    0x08000000   Section      428  startup_stm32f429xx.o(RESET)
    !!!main                                  0x080001ac   Section        8  __main.o(!!!main)
    !!!scatter                               0x080001b4   Section       92  __scatter.o(!!!scatter)
    !!handler_copy                           0x08000210   Section       26  __scatter_copy.o(!!handler_copy)
    !!handler_null                           0x0800022c   Section        2  __scatter.o(!!handler_null)
    !!handler_zi                             0x08000230   Section       28  __scatter_zi.o(!!handler_zi)
    .ARM.Collect$$libinit$$00000000          0x0800024c   Section        2  libinit.o(.ARM.Collect$$libinit$$00000000)
    .ARM.Collect$$libinit$$00000001          0x0800024e   Section        4  libinit2.o(.ARM.Collect$$libinit$$00000001)
    .ARM.Collect$$libinit$$00000004          0x08000252   Section        0  libinit2.o(.ARM.Collect$$libinit$$00000004)
    .ARM.Collect$$libinit$$00000006          0x08000252   Section        0  libinit2.o(.ARM.Collect$$libinit$$00000006)
    .ARM.Collect$$libinit$$00000007          0x08000252   Section        8  libinit2.o(.ARM.Collect$$libinit$$00000007)
    .ARM.Collect$$libinit$$0000000C          0x0800025a   Section        0  libinit2.o(.ARM.Collect$$libinit$$0000000C)
    .ARM.Collect$$libinit$$0000000E          0x0800025a   Section        0  libinit2.o(.ARM.Collect$$libinit$$0000000E)
    .ARM.Collect$$libinit$$00000010          0x0800025a   Section        0  libinit2.o(.ARM.Collect$$libinit$$00000010)
    .ARM.Collect$$libinit$$00000013          0x0800025a   Section        0  libinit2.o(.ARM.Collect$$libinit$$00000013)
    .ARM.Collect$$libinit$$00000015          0x0800025a   Section        0  libinit2.o(.ARM.Collect$$libinit$$00000015)
    .ARM.Collect$$libinit$$00000017          0x0800025a   Section        0  libinit2.o(.ARM.Collect$$libinit$$00000017)
    .ARM.Collect$$libinit$$00000019          0x0800025a   Section        0  libinit2.o(.ARM.Collect$$libinit$$00000019)
    .ARM.Collect$$libinit$$0000001B          0x0800025a   Section        0  libinit2.o(.ARM.Collect$$libinit$$0000001B)
    .ARM.Collect$$libinit$$0000001D          0x0800025a   Section        0  libinit2.o(.ARM.Collect$$libinit$$0000001D)
    .ARM.Collect$$libinit$$0000001F          0x0800025a   Section        0  libinit2.o(.ARM.Collect$$libinit$$0000001F)
    .ARM.Collect$$libinit$$00000021          0x0800025a   Section        0  libinit2.o(.ARM.Collect$$libinit$$00000021)
    .ARM.Collect$$libinit$$00000023          0x0800025a   Section        0  libinit2.o(.ARM.Collect$$libinit$$00000023)
    .ARM.Collect$$libinit$$00000025          0x0800025a   Section        0  libinit2.o(.ARM.Collect$$libinit$$00000025)
    .ARM.Collect$$libinit$$00000026          0x0800025a   Section        4  libinit2.o(.ARM.Collect$$libinit$$00000026)
    .ARM.Collect$$libinit$$00000027          0x0800025e   Section        0  libinit2.o(.ARM.Collect$$libinit$$00000027)
    .ARM.Collect$$libinit$$0000002E          0x0800025e   Section        0  libinit2.o(.ARM.Collect$$libinit$$0000002E)
    .ARM.Collect$$libinit$$00000030          0x0800025e   Section        0  libinit2.o(.ARM.Collect$$libinit$$00000030)
    .ARM.Collect$$libinit$$00000032          0x0800025e   Section        0  libinit2.o(.ARM.Collect$$libinit$$00000032)
    .ARM.Collect$$libinit$$00000034          0x0800025e   Section        0  libinit2.o(.ARM.Collect$$libinit$$00000034)
    .ARM.Collect$$libinit$$00000035          0x0800025e   Section        2  libinit2.o(.ARM.Collect$$libinit$$00000035)
    .ARM.Collect$$libshutdown$$00000000      0x08000260   Section        2  libshutdown.o(.ARM.Collect$$libshutdown$$00000000)
    .ARM.Collect$$libshutdown$$00000002      0x08000262   Section        0  libshutdown2.o(.ARM.Collect$$libshutdown$$00000002)
    .ARM.Collect$$libshutdown$$00000003      0x08000262   Section        4  libshutdown2.o(.ARM.Collect$$libshutdown$$00000003)
    .ARM.Collect$$libshutdown$$00000004      0x08000266   Section        0  libshutdown2.o(.ARM.Collect$$libshutdown$$00000004)
    .ARM.Collect$$libshutdown$$00000007      0x08000266   Section        0  libshutdown2.o(.ARM.Collect$$libshutdown$$00000007)
    .ARM.Collect$$libshutdown$$0000000A      0x08000266   Section        0  libshutdown2.o(.ARM.Collect$$libshutdown$$0000000A)
    .ARM.Collect$$libshutdown$$0000000C      0x08000266   Section        0  libshutdown2.o(.ARM.Collect$$libshutdown$$0000000C)
    .ARM.Collect$$libshutdown$$0000000F      0x08000266   Section        0  libshutdown2.o(.ARM.Collect$$libshutdown$$0000000F)
    .ARM.Collect$$libshutdown$$00000010      0x08000266   Section        2  libshutdown2.o(.ARM.Collect$$libshutdown$$00000010)
    .ARM.Collect$$rtentry$$00000000          0x08000268   Section        0  __rtentry.o(.ARM.Collect$$rtentry$$00000000)
    .ARM.Collect$$rtentry$$00000002          0x08000268   Section        0  __rtentry2.o(.ARM.Collect$$rtentry$$00000002)
    .ARM.Collect$$rtentry$$00000004          0x08000268   Section        6  __rtentry4.o(.ARM.Collect$$rtentry$$00000004)
    .ARM.Collect$$rtentry$$00000009          0x0800026e   Section        0  __rtentry2.o(.ARM.Collect$$rtentry$$00000009)
    .ARM.Collect$$rtentry$$0000000A          0x0800026e   Section        4  __rtentry2.o(.ARM.Collect$$rtentry$$0000000A)
    .ARM.Collect$$rtentry$$0000000C          0x08000272   Section        0  __rtentry2.o(.ARM.Collect$$rtentry$$0000000C)
    .ARM.Collect$$rtentry$$0000000D          0x08000272   Section        8  __rtentry2.o(.ARM.Collect$$rtentry$$0000000D)
    .ARM.Collect$$rtexit$$00000000           0x0800027a   Section        2  rtexit.o(.ARM.Collect$$rtexit$$00000000)
    .ARM.Collect$$rtexit$$00000002           0x0800027c   Section        0  rtexit2.o(.ARM.Collect$$rtexit$$00000002)
    .ARM.Collect$$rtexit$$00000003           0x0800027c   Section        4  rtexit2.o(.ARM.Collect$$rtexit$$00000003)
    .ARM.Collect$$rtexit$$00000004           0x08000280   Section        6  rtexit2.o(.ARM.Collect$$rtexit$$00000004)
    $v0                                      0x08000288   Number         0  startup_stm32f429xx.o(.text)
    .text                                    0x08000288   Section       64  startup_stm32f429xx.o(.text)
    .text                                    0x080002c8   Section      240  lludivv7m.o(.text)
    .text                                    0x080003b8   Section        0  noretval__2printf.o(.text)
    .text                                    0x080003d0   Section        0  assert.o(.text)
    .text                                    0x08000450   Section      124  strcmpv7em.o(.text)
    .text                                    0x080004cc   Section        0  heapauxi.o(.text)
    .text                                    0x080004d4   Section        0  _printf_char_file.o(.text)
    .text                                    0x080004f8   Section        0  abort.o(.text)
    .text                                    0x0800050e   Section       78  rt_memclr_w.o(.text)
    .text                                    0x0800055c   Section        0  sys_wrch.o(.text)
    .text                                    0x0800056c   Section        0  sys_exit.o(.text)
    _printf_input_char                       0x08000579   Thumb Code    10  _printf_char_common.o(.text)
    .text                                    0x08000578   Section        0  _printf_char_common.o(.text)
    .text                                    0x080005a8   Section        0  ferror.o(.text)
    .text                                    0x080005b0   Section        0  initio.o(.text)
    .text                                    0x080006e8   Section        0  defsig_abrt_outer.o(.text)
    .text                                    0x080006f6   Section        2  use_no_semi.o(.text)
    .text                                    0x080006f8   Section        0  indicate_semi.o(.text)
    .text                                    0x080006f8   Section       74  sys_stackheap_outer.o(.text)
    .text                                    0x08000742   Section        0  h1_free.o(.text)
    .text                                    0x08000790   Section        0  __printf_nopercent.o(.text)
    .text                                    0x080007b8   Section        0  flsbuf.o(.text)
    .text                                    0x0800099a   Section        0  setvbuf.o(.text)
    _freopen_locked                          0x080009e1   Thumb Code     0  fopen.o(.text)
    .text                                    0x080009e0   Section        0  fopen.o(.text)
    .text                                    0x08000ad0   Section        0  fclose.o(.text)
    .text                                    0x08000b1c   Section        0  exit.o(.text)
    .text                                    0x08000b2e   Section        0  defsig_exit.o(.text)
    .text                                    0x08000b38   Section        0  defsig_abrt_inner.o(.text)
    .text                                    0x08000b68   Section        0  defsig_rtred_outer.o(.text)
    .text                                    0x08000b78   Section        8  libspace.o(.text)
    .text                                    0x08000b80   Section        8  rt_heap_descriptor_intlibspace.o(.text)
    .text                                    0x08000b88   Section        0  hguard.o(.text)
    .text                                    0x08000b8c   Section        0  init_alloc.o(.text)
    .text                                    0x08000c16   Section        0  h1_alloc.o(.text)
    .text                                    0x08000c74   Section        0  fseek.o(.text)
    .text                                    0x08000d6c   Section        0  stdio.o(.text)
    .text                                    0x08000e74   Section        0  defsig_general.o(.text)
    .text                                    0x08000ea8   Section        0  defsig_rtred_inner.o(.text)
    .text                                    0x08000edc   Section        0  assert_stdio.o(.text)
    .text                                    0x08000ef4   Section        0  maybetermalloc1.o(.text)
    .text                                    0x08000ef4   Section        0  h1_init.o(.text)
    .text                                    0x08000f00   Section        0  h1_extend.o(.text)
    .text                                    0x08000f34   Section        0  fflush.o(.text)
    .text                                    0x08000f98   Section        0  fputs.o(.text)
    .text                                    0x08000fba   Section        0  ftell.o(.text)
    .text                                    0x08000ffc   Section        0  defsig_rtmem_outer.o(.text)
    .text                                    0x0800100c   Section        8  rt_errno_addr_intlibspace.o(.text)
    .text                                    0x08001014   Section        0  defsig_rtmem_inner.o(.text)
    [Anonymous Symbol]                       0x08001064   Section        0  stm32f4xx_hal_gpio.o(.text.HAL_GPIO_Init)
    [Anonymous Symbol]                       0x08001204   Section        0  stm32f4xx_hal.o(.text.HAL_Init)
    [Anonymous Symbol]                       0x08001234   Section        0  stm32f4xx_hal.o(.text.HAL_InitTick)
    [Anonymous Symbol]                       0x0800127c   Section        0  stm32f4xx_hal.o(.text.HAL_MspInit)
    [Anonymous Symbol]                       0x08001280   Section        0  stm32f4xx_hal_cortex.o(.text.HAL_NVIC_EnableIRQ)
    [Anonymous Symbol]                       0x080012a4   Section        0  stm32f4xx_hal_cortex.o(.text.HAL_NVIC_SetPriority)
    [Anonymous Symbol]                       0x080012fc   Section        0  stm32f4xx_hal_cortex.o(.text.HAL_NVIC_SetPriorityGrouping)
    [Anonymous Symbol]                       0x0800131c   Section        0  stm32f4xx_hal_rcc.o(.text.HAL_RCC_GetPCLK1Freq)
    [Anonymous Symbol]                       0x08001344   Section        0  stm32f4xx_hal_rcc.o(.text.HAL_RCC_GetPCLK2Freq)
    [Anonymous Symbol]                       0x0800136c   Section        0  stm32f4xx_hal_cortex.o(.text.HAL_SYSTICK_Config)
    [Anonymous Symbol]                       0x08001398   Section        0  stm32f4xx_hal_uart.o(.text.HAL_UART_Init)
    [Anonymous Symbol]                       0x080013f8   Section        0  usart.o(.text.HAL_UART_MspInit)
    [Anonymous Symbol]                       0x08001488   Section        0  ring_buffer.o(.text.RingBuffer_GetChar)
    [Anonymous Symbol]                       0x080014e8   Section        0  ring_buffer.o(.text.RingBuffer_Init)
    [Anonymous Symbol]                       0x08001560   Section        0  ring_buffer.o(.text.RingBuffer_PutChar)
    [Anonymous Symbol]                       0x080015b4   Section        0  delay.o(.text.SysTick_Handler)
    [Anonymous Symbol]                       0x080015c4   Section        0  system_stm32f4xx.o(.text.SystemInit)
    UART_SetConfig                           0x080015d9   Thumb Code   238  stm32f4xx_hal_uart.o(.text.UART_SetConfig)
    [Anonymous Symbol]                       0x080015d8   Section        0  stm32f4xx_hal_uart.o(.text.UART_SetConfig)
    [Anonymous Symbol]                       0x080016c8   Section        0  usart.o(.text.USART1_IRQHandler)
    [Anonymous Symbol]                       0x08001748   Section        0  usart.o(.text.USART_GetChar)
    [Anonymous Symbol]                       0x08001760   Section        0  usart.o(.text.USART_Init)
    [Anonymous Symbol]                       0x08001884   Section        0  usart_unit_test.o(.text.USART_UnitTest)
    [Anonymous Symbol]                       0x0800190c   Section        0  usart.o(.text.USART_WriteData)
    [Anonymous Symbol]                       0x08001950   Section        0  retarget_io.o(.text._sys_close)
    [Anonymous Symbol]                       0x08001964   Section        0  retarget_io.o(.text._sys_flen)
    [Anonymous Symbol]                       0x08001968   Section        0  retarget_io.o(.text._sys_istty)
    [Anonymous Symbol]                       0x08001978   Section        0  retarget_io.o(.text._sys_open)
    [Anonymous Symbol]                       0x080019e0   Section        0  retarget_io.o(.text._sys_seek)
    [Anonymous Symbol]                       0x080019e8   Section        0  retarget_io.o(.text._sys_write)
    [Anonymous Symbol]                       0x08001bb4   Section        0  main.o(.text.main)
    i.fputc                                  0x08001bc6   Section        0  fputc.o(i.fputc)
    $v0                                      0x08001be2   Number         0  fpinit.o(x$fpl$fpinit)
    x$fpl$fpinit                             0x08001be2   Section       26  fpinit.o(x$fpl$fpinit)
    .L.str.1                                 0x08001c1b   Data          14  ring_buffer.o(.rodata.str1.1)
    [Anonymous Symbol]                       0x08001c1b   Section        0  ring_buffer.o(.rodata.str1.1)
    .L.str                                   0x08001c29   Data          11  ring_buffer.o(.rodata.str1.1)
    .data                                    0x20000000   Section        4  stdio_streams.o(.data)
    .data                                    0x20000004   Section        4  stdio_streams.o(.data)
    .data                                    0x20000008   Section        4  stdio_streams.o(.data)
    .L_MergedGlobals                         0x2000000c   Data           8  stm32f4xx_hal.o(.data..L_MergedGlobals)
    [Anonymous Symbol]                       0x2000000c   Section        0  stm32f4xx_hal.o(.data..L_MergedGlobals)
    .bss                                     0x20000018   Section       84  stdio_streams.o(.bss)
    .bss                                     0x2000006c   Section       84  stdio_streams.o(.bss)
    .bss                                     0x200000c0   Section       84  stdio_streams.o(.bss)
    .bss                                     0x20000114   Section       96  libspace.o(.bss)
    .L_MergedGlobals                         0x20000174   Data         108  usart.o(.bss..L_MergedGlobals)
    USART_RingBuffer_Tx                      0x20000174   Data          20  usart.o(.bss..L_MergedGlobals)
    [Anonymous Symbol]                       0x20000174   Section        0  usart.o(.bss..L_MergedGlobals)
    USART_RingBuffer_Rx                      0x20000188   Data          20  usart.o(.bss..L_MergedGlobals)
    UartHandle                               0x2000019c   Data          68  usart.o(.bss..L_MergedGlobals)
    RingBufferData_Rx                        0x200001e0   Data        1024  usart.o(.bss.RingBufferData_Rx)
    [Anonymous Symbol]                       0x200001e0   Section        0  usart.o(.bss.RingBufferData_Rx)
    RingBufferData_Tx                        0x200005e0   Data        1024  usart.o(.bss.RingBufferData_Tx)
    [Anonymous Symbol]                       0x200005e0   Section        0  usart.o(.bss.RingBufferData_Tx)
    Heap_Mem                                 0x200009e8   Data         512  startup_stm32f429xx.o(HEAP)
    HEAP                                     0x200009e8   Section      512  startup_stm32f429xx.o(HEAP)
    Stack_Mem                                0x20000be8   Data        1024  startup_stm32f429xx.o(STACK)
    STACK                                    0x20000be8   Section     1024  startup_stm32f429xx.o(STACK)
    __initial_sp                             0x20000fe8   Data           0  startup_stm32f429xx.o(STACK)

    Global Symbols

    Symbol Name                              Value     Ov Type        Size  Object(Section)

    BuildAttributes$$THM_ISAv4$E$P$D$K$B$S$7EM$VFPi3$EXTD16$VFPS$VFMA$PE$A:L22UL41UL21$X:L11$S22US41US21$IEEE1$IW$~IW$USESV6$~STKCKD$USESV7$~SHL$OTIME$ROPI$EBA8$UX$STANDARDLIB$REQ8$PRES8$EABIv2 0x00000000   Number         0  anon$$obj.o ABSOLUTE
    __ARM_exceptions_init                     - Undefined Weak Reference
    __alloca_initialize                       - Undefined Weak Reference
    __arm_preinit_                            - Undefined Weak Reference
    __arm_relocate_pie_                       - Undefined Weak Reference
    __cpp_initialize__aeabi_                  - Undefined Weak Reference
    __cxa_finalize                            - Undefined Weak Reference
    __rt_locale                               - Undefined Weak Reference
    __sigvec_lookup                           - Undefined Weak Reference
    __user_heap_extent                        - Undefined Weak Reference
    _atexit_init                              - Undefined Weak Reference
    _call_atexit_fns                          - Undefined Weak Reference
    _clock_init                               - Undefined Weak Reference
    _fp_trap_init                             - Undefined Weak Reference
    _fp_trap_shutdown                         - Undefined Weak Reference
    _get_lc_collate                           - Undefined Weak Reference
    _get_lc_ctype                             - Undefined Weak Reference
    _get_lc_monetary                          - Undefined Weak Reference
    _get_lc_numeric                           - Undefined Weak Reference
    _get_lc_time                              - Undefined Weak Reference
    _getenv_init                              - Undefined Weak Reference
    _handle_redirection                       - Undefined Weak Reference
    _mutex_acquire                            - Undefined Weak Reference
    _mutex_free                               - Undefined Weak Reference
    _mutex_release                            - Undefined Weak Reference
    _rand_init                                - Undefined Weak Reference
    _signal_finish                            - Undefined Weak Reference
    _signal_init                              - Undefined Weak Reference
    __Vectors_Size                           0x000001ac   Number         0  startup_stm32f429xx.o ABSOLUTE
    __Vectors                                0x08000000   Data           4  startup_stm32f429xx.o(RESET)
    __Vectors_End                            0x080001ac   Data           0  startup_stm32f429xx.o(RESET)
    __main                                   0x080001ad   Thumb Code     8  __main.o(!!!main)
    __scatterload                            0x080001b5   Thumb Code     0  __scatter.o(!!!scatter)
    __scatterload_rt2                        0x080001b5   Thumb Code    84  __scatter.o(!!!scatter)
    __scatterload_rt2_thumb_only             0x080001b5   Thumb Code     0  __scatter.o(!!!scatter)
    __scatterload_loop                       0x080001bf   Thumb Code     0  __scatter.o(!!!scatter)
    __scatterload_copy                       0x08000211   Thumb Code    26  __scatter_copy.o(!!handler_copy)
    __scatterload_null                       0x0800022d   Thumb Code     2  __scatter.o(!!handler_null)
    __scatterload_zeroinit                   0x08000231   Thumb Code    28  __scatter_zi.o(!!handler_zi)
    __rt_lib_init                            0x0800024d   Thumb Code     0  libinit.o(.ARM.Collect$$libinit$$00000000)
    __rt_lib_init_fp_1                       0x0800024f   Thumb Code     0  libinit2.o(.ARM.Collect$$libinit$$00000001)
    __rt_lib_init_heap_2                     0x08000253   Thumb Code     0  libinit2.o(.ARM.Collect$$libinit$$00000007)
    __rt_lib_init_preinit_1                  0x08000253   Thumb Code     0  libinit2.o(.ARM.Collect$$libinit$$00000006)
    __rt_lib_init_relocate_pie_1             0x08000253   Thumb Code     0  libinit2.o(.ARM.Collect$$libinit$$00000004)
    __rt_lib_init_atexit_1                   0x0800025b   Thumb Code     0  libinit2.o(.ARM.Collect$$libinit$$0000001D)
    __rt_lib_init_clock_1                    0x0800025b   Thumb Code     0  libinit2.o(.ARM.Collect$$libinit$$00000023)
    __rt_lib_init_fp_trap_1                  0x0800025b   Thumb Code     0  libinit2.o(.ARM.Collect$$libinit$$00000021)
    __rt_lib_init_getenv_1                   0x0800025b   Thumb Code     0  libinit2.o(.ARM.Collect$$libinit$$00000025)
    __rt_lib_init_heap_1                     0x0800025b   Thumb Code     0  libinit2.o(.ARM.Collect$$libinit$$0000000C)
    __rt_lib_init_lc_collate_1               0x0800025b   Thumb Code     0  libinit2.o(.ARM.Collect$$libinit$$00000013)
    __rt_lib_init_lc_ctype_1                 0x0800025b   Thumb Code     0  libinit2.o(.ARM.Collect$$libinit$$00000015)
    __rt_lib_init_lc_monetary_1              0x0800025b   Thumb Code     0  libinit2.o(.ARM.Collect$$libinit$$00000017)
    __rt_lib_init_lc_numeric_1               0x0800025b   Thumb Code     0  libinit2.o(.ARM.Collect$$libinit$$00000019)
    __rt_lib_init_lc_time_1                  0x0800025b   Thumb Code     0  libinit2.o(.ARM.Collect$$libinit$$0000001B)
    __rt_lib_init_rand_1                     0x0800025b   Thumb Code     0  libinit2.o(.ARM.Collect$$libinit$$00000010)
    __rt_lib_init_signal_1                   0x0800025b   Thumb Code     0  libinit2.o(.ARM.Collect$$libinit$$0000001F)
    __rt_lib_init_stdio_2                    0x0800025b   Thumb Code     0  libinit2.o(.ARM.Collect$$libinit$$00000026)
    __rt_lib_init_user_alloc_1               0x0800025b   Thumb Code     0  libinit2.o(.ARM.Collect$$libinit$$0000000E)
    __rt_lib_init_alloca_1                   0x0800025f   Thumb Code     0  libinit2.o(.ARM.Collect$$libinit$$00000030)
    __rt_lib_init_argv_1                     0x0800025f   Thumb Code     0  libinit2.o(.ARM.Collect$$libinit$$0000002E)
    __rt_lib_init_cpp_1                      0x0800025f   Thumb Code     0  libinit2.o(.ARM.Collect$$libinit$$00000034)
    __rt_lib_init_exceptions_1               0x0800025f   Thumb Code     0  libinit2.o(.ARM.Collect$$libinit$$00000032)
    __rt_lib_init_return                     0x0800025f   Thumb Code     0  libinit2.o(.ARM.Collect$$libinit$$00000035)
    __rt_lib_init_stdio_1                    0x0800025f   Thumb Code     0  libinit2.o(.ARM.Collect$$libinit$$00000027)
    __rt_lib_shutdown                        0x08000261   Thumb Code     0  libshutdown.o(.ARM.Collect$$libshutdown$$00000000)
    __rt_lib_shutdown_cpp_1                  0x08000263   Thumb Code     0  libshutdown2.o(.ARM.Collect$$libshutdown$$00000002)
    __rt_lib_shutdown_stdio_2                0x08000263   Thumb Code     0  libshutdown2.o(.ARM.Collect$$libshutdown$$00000003)
    __rt_lib_shutdown_fp_trap_1              0x08000267   Thumb Code     0  libshutdown2.o(.ARM.Collect$$libshutdown$$00000007)
    __rt_lib_shutdown_heap_1                 0x08000267   Thumb Code     0  libshutdown2.o(.ARM.Collect$$libshutdown$$0000000F)
    __rt_lib_shutdown_return                 0x08000267   Thumb Code     0  libshutdown2.o(.ARM.Collect$$libshutdown$$00000010)
    __rt_lib_shutdown_signal_1               0x08000267   Thumb Code     0  libshutdown2.o(.ARM.Collect$$libshutdown$$0000000A)
    __rt_lib_shutdown_stdio_1                0x08000267   Thumb Code     0  libshutdown2.o(.ARM.Collect$$libshutdown$$00000004)
    __rt_lib_shutdown_user_alloc_1           0x08000267   Thumb Code     0  libshutdown2.o(.ARM.Collect$$libshutdown$$0000000C)
    __rt_entry                               0x08000269   Thumb Code     0  __rtentry.o(.ARM.Collect$$rtentry$$00000000)
    __rt_entry_presh_1                       0x08000269   Thumb Code     0  __rtentry2.o(.ARM.Collect$$rtentry$$00000002)
    __rt_entry_sh                            0x08000269   Thumb Code     0  __rtentry4.o(.ARM.Collect$$rtentry$$00000004)
    __rt_entry_li                            0x0800026f   Thumb Code     0  __rtentry2.o(.ARM.Collect$$rtentry$$0000000A)
    __rt_entry_postsh_1                      0x0800026f   Thumb Code     0  __rtentry2.o(.ARM.Collect$$rtentry$$00000009)
    __rt_entry_main                          0x08000273   Thumb Code     0  __rtentry2.o(.ARM.Collect$$rtentry$$0000000D)
    __rt_entry_postli_1                      0x08000273   Thumb Code     0  __rtentry2.o(.ARM.Collect$$rtentry$$0000000C)
    __rt_exit                                0x0800027b   Thumb Code     0  rtexit.o(.ARM.Collect$$rtexit$$00000000)
    __rt_exit_ls                             0x0800027d   Thumb Code     0  rtexit2.o(.ARM.Collect$$rtexit$$00000003)
    __rt_exit_prels_1                        0x0800027d   Thumb Code     0  rtexit2.o(.ARM.Collect$$rtexit$$00000002)
    __rt_exit_exit                           0x08000281   Thumb Code     0  rtexit2.o(.ARM.Collect$$rtexit$$00000004)
    Reset_Handler                            0x08000289   Thumb Code     8  startup_stm32f429xx.o(.text)
    NMI_Handler                              0x08000291   Thumb Code     2  startup_stm32f429xx.o(.text)
    HardFault_Handler                        0x08000293   Thumb Code     2  startup_stm32f429xx.o(.text)
    MemManage_Handler                        0x08000295   Thumb Code     2  startup_stm32f429xx.o(.text)
    BusFault_Handler                         0x08000297   Thumb Code     2  startup_stm32f429xx.o(.text)
    UsageFault_Handler                       0x08000299   Thumb Code     2  startup_stm32f429xx.o(.text)
    SVC_Handler                              0x0800029b   Thumb Code     2  startup_stm32f429xx.o(.text)
    DebugMon_Handler                         0x0800029d   Thumb Code     2  startup_stm32f429xx.o(.text)
    PendSV_Handler                           0x0800029f   Thumb Code     2  startup_stm32f429xx.o(.text)
    ADC_IRQHandler                           0x080002a3   Thumb Code     0  startup_stm32f429xx.o(.text)
    CAN1_RX0_IRQHandler                      0x080002a3   Thumb Code     0  startup_stm32f429xx.o(.text)
    CAN1_RX1_IRQHandler                      0x080002a3   Thumb Code     0  startup_stm32f429xx.o(.text)
    CAN1_SCE_IRQHandler                      0x080002a3   Thumb Code     0  startup_stm32f429xx.o(.text)
    CAN1_TX_IRQHandler                       0x080002a3   Thumb Code     0  startup_stm32f429xx.o(.text)
    CAN2_RX0_IRQHandler                      0x080002a3   Thumb Code     0  startup_stm32f429xx.o(.text)
    CAN2_RX1_IRQHandler                      0x080002a3   Thumb Code     0  startup_stm32f429xx.o(.text)
    CAN2_SCE_IRQHandler                      0x080002a3   Thumb Code     0  startup_stm32f429xx.o(.text)
    CAN2_TX_IRQHandler                       0x080002a3   Thumb Code     0  startup_stm32f429xx.o(.text)
    DCMI_IRQHandler                          0x080002a3   Thumb Code     0  startup_stm32f429xx.o(.text)
    DMA1_Stream0_IRQHandler                  0x080002a3   Thumb Code     0  startup_stm32f429xx.o(.text)
    DMA1_Stream1_IRQHandler                  0x080002a3   Thumb Code     0  startup_stm32f429xx.o(.text)
    DMA1_Stream2_IRQHandler                  0x080002a3   Thumb Code     0  startup_stm32f429xx.o(.text)
    DMA1_Stream3_IRQHandler                  0x080002a3   Thumb Code     0  startup_stm32f429xx.o(.text)
    DMA1_Stream4_IRQHandler                  0x080002a3   Thumb Code     0  startup_stm32f429xx.o(.text)
    DMA1_Stream5_IRQHandler                  0x080002a3   Thumb Code     0  startup_stm32f429xx.o(.text)
    DMA1_Stream6_IRQHandler                  0x080002a3   Thumb Code     0  startup_stm32f429xx.o(.text)
    DMA1_Stream7_IRQHandler                  0x080002a3   Thumb Code     0  startup_stm32f429xx.o(.text)
    DMA2D_IRQHandler                         0x080002a3   Thumb Code     0  startup_stm32f429xx.o(.text)
    DMA2_Stream0_IRQHandler                  0x080002a3   Thumb Code     0  startup_stm32f429xx.o(.text)
    DMA2_Stream1_IRQHandler                  0x080002a3   Thumb Code     0  startup_stm32f429xx.o(.text)
    DMA2_Stream2_IRQHandler                  0x080002a3   Thumb Code     0  startup_stm32f429xx.o(.text)
    DMA2_Stream3_IRQHandler                  0x080002a3   Thumb Code     0  startup_stm32f429xx.o(.text)
    DMA2_Stream4_IRQHandler                  0x080002a3   Thumb Code     0  startup_stm32f429xx.o(.text)
    DMA2_Stream5_IRQHandler                  0x080002a3   Thumb Code     0  startup_stm32f429xx.o(.text)
    DMA2_Stream6_IRQHandler                  0x080002a3   Thumb Code     0  startup_stm32f429xx.o(.text)
    DMA2_Stream7_IRQHandler                  0x080002a3   Thumb Code     0  startup_stm32f429xx.o(.text)
    ETH_IRQHandler                           0x080002a3   Thumb Code     0  startup_stm32f429xx.o(.text)
    ETH_WKUP_IRQHandler                      0x080002a3   Thumb Code     0  startup_stm32f429xx.o(.text)
    EXTI0_IRQHandler                         0x080002a3   Thumb Code     0  startup_stm32f429xx.o(.text)
    EXTI15_10_IRQHandler                     0x080002a3   Thumb Code     0  startup_stm32f429xx.o(.text)
    EXTI1_IRQHandler                         0x080002a3   Thumb Code     0  startup_stm32f429xx.o(.text)
    EXTI2_IRQHandler                         0x080002a3   Thumb Code     0  startup_stm32f429xx.o(.text)
    EXTI3_IRQHandler                         0x080002a3   Thumb Code     0  startup_stm32f429xx.o(.text)
    EXTI4_IRQHandler                         0x080002a3   Thumb Code     0  startup_stm32f429xx.o(.text)
    EXTI9_5_IRQHandler                       0x080002a3   Thumb Code     0  startup_stm32f429xx.o(.text)
    FLASH_IRQHandler                         0x080002a3   Thumb Code     0  startup_stm32f429xx.o(.text)
    FMC_IRQHandler                           0x080002a3   Thumb Code     0  startup_stm32f429xx.o(.text)
    FPU_IRQHandler                           0x080002a3   Thumb Code     0  startup_stm32f429xx.o(.text)
    HASH_RNG_IRQHandler                      0x080002a3   Thumb Code     0  startup_stm32f429xx.o(.text)
    I2C1_ER_IRQHandler                       0x080002a3   Thumb Code     0  startup_stm32f429xx.o(.text)
    I2C1_EV_IRQHandler                       0x080002a3   Thumb Code     0  startup_stm32f429xx.o(.text)
    I2C2_ER_IRQHandler                       0x080002a3   Thumb Code     0  startup_stm32f429xx.o(.text)
    I2C2_EV_IRQHandler                       0x080002a3   Thumb Code     0  startup_stm32f429xx.o(.text)
    I2C3_ER_IRQHandler                       0x080002a3   Thumb Code     0  startup_stm32f429xx.o(.text)
    I2C3_EV_IRQHandler                       0x080002a3   Thumb Code     0  startup_stm32f429xx.o(.text)
    LTDC_ER_IRQHandler                       0x080002a3   Thumb Code     0  startup_stm32f429xx.o(.text)
    LTDC_IRQHandler                          0x080002a3   Thumb Code     0  startup_stm32f429xx.o(.text)
    OTG_FS_IRQHandler                        0x080002a3   Thumb Code     0  startup_stm32f429xx.o(.text)
    OTG_FS_WKUP_IRQHandler                   0x080002a3   Thumb Code     0  startup_stm32f429xx.o(.text)
    OTG_HS_EP1_IN_IRQHandler                 0x080002a3   Thumb Code     0  startup_stm32f429xx.o(.text)
    OTG_HS_EP1_OUT_IRQHandler                0x080002a3   Thumb Code     0  startup_stm32f429xx.o(.text)
    OTG_HS_IRQHandler                        0x080002a3   Thumb Code     0  startup_stm32f429xx.o(.text)
    OTG_HS_WKUP_IRQHandler                   0x080002a3   Thumb Code     0  startup_stm32f429xx.o(.text)
    PVD_IRQHandler                           0x080002a3   Thumb Code     0  startup_stm32f429xx.o(.text)
    RCC_IRQHandler                           0x080002a3   Thumb Code     0  startup_stm32f429xx.o(.text)
    RTC_Alarm_IRQHandler                     0x080002a3   Thumb Code     0  startup_stm32f429xx.o(.text)
    RTC_WKUP_IRQHandler                      0x080002a3   Thumb Code     0  startup_stm32f429xx.o(.text)
    SAI1_IRQHandler                          0x080002a3   Thumb Code     0  startup_stm32f429xx.o(.text)
    SDIO_IRQHandler                          0x080002a3   Thumb Code     0  startup_stm32f429xx.o(.text)
    SPI1_IRQHandler                          0x080002a3   Thumb Code     0  startup_stm32f429xx.o(.text)
    SPI2_IRQHandler                          0x080002a3   Thumb Code     0  startup_stm32f429xx.o(.text)
    SPI3_IRQHandler                          0x080002a3   Thumb Code     0  startup_stm32f429xx.o(.text)
    SPI4_IRQHandler                          0x080002a3   Thumb Code     0  startup_stm32f429xx.o(.text)
    SPI5_IRQHandler                          0x080002a3   Thumb Code     0  startup_stm32f429xx.o(.text)
    SPI6_IRQHandler                          0x080002a3   Thumb Code     0  startup_stm32f429xx.o(.text)
    TAMP_STAMP_IRQHandler                    0x080002a3   Thumb Code     0  startup_stm32f429xx.o(.text)
    TIM1_BRK_TIM9_IRQHandler                 0x080002a3   Thumb Code     0  startup_stm32f429xx.o(.text)
    TIM1_CC_IRQHandler                       0x080002a3   Thumb Code     0  startup_stm32f429xx.o(.text)
    TIM1_TRG_COM_TIM11_IRQHandler            0x080002a3   Thumb Code     0  startup_stm32f429xx.o(.text)
    TIM1_UP_TIM10_IRQHandler                 0x080002a3   Thumb Code     0  startup_stm32f429xx.o(.text)
    TIM2_IRQHandler                          0x080002a3   Thumb Code     0  startup_stm32f429xx.o(.text)
    TIM3_IRQHandler                          0x080002a3   Thumb Code     0  startup_stm32f429xx.o(.text)
    TIM4_IRQHandler                          0x080002a3   Thumb Code     0  startup_stm32f429xx.o(.text)
    TIM5_IRQHandler                          0x080002a3   Thumb Code     0  startup_stm32f429xx.o(.text)
    TIM6_DAC_IRQHandler                      0x080002a3   Thumb Code     0  startup_stm32f429xx.o(.text)
    TIM7_IRQHandler                          0x080002a3   Thumb Code     0  startup_stm32f429xx.o(.text)
    TIM8_BRK_TIM12_IRQHandler                0x080002a3   Thumb Code     0  startup_stm32f429xx.o(.text)
    TIM8_CC_IRQHandler                       0x080002a3   Thumb Code     0  startup_stm32f429xx.o(.text)
    TIM8_TRG_COM_TIM14_IRQHandler            0x080002a3   Thumb Code     0  startup_stm32f429xx.o(.text)
    TIM8_UP_TIM13_IRQHandler                 0x080002a3   Thumb Code     0  startup_stm32f429xx.o(.text)
    UART4_IRQHandler                         0x080002a3   Thumb Code     0  startup_stm32f429xx.o(.text)
    UART5_IRQHandler                         0x080002a3   Thumb Code     0  startup_stm32f429xx.o(.text)
    UART7_IRQHandler                         0x080002a3   Thumb Code     0  startup_stm32f429xx.o(.text)
    UART8_IRQHandler                         0x080002a3   Thumb Code     0  startup_stm32f429xx.o(.text)
    USART2_IRQHandler                        0x080002a3   Thumb Code     0  startup_stm32f429xx.o(.text)
    USART3_IRQHandler                        0x080002a3   Thumb Code     0  startup_stm32f429xx.o(.text)
    USART6_IRQHandler                        0x080002a3   Thumb Code     0  startup_stm32f429xx.o(.text)
    WWDG_IRQHandler                          0x080002a3   Thumb Code     0  startup_stm32f429xx.o(.text)
    __user_initial_stackheap                 0x080002a5   Thumb Code     0  startup_stm32f429xx.o(.text)
    __aeabi_uldivmod                         0x080002c9   Thumb Code     0  lludivv7m.o(.text)
    _ll_udiv                                 0x080002c9   Thumb Code   240  lludivv7m.o(.text)
    __2printf                                0x080003b9   Thumb Code    20  noretval__2printf.o(.text)
    __aeabi_assert                           0x080003d1   Thumb Code    86  assert.o(.text)
    __assert                                 0x080003d1   Thumb Code     0  assert.o(.text)
    strcmp                                   0x08000451   Thumb Code   124  strcmpv7em.o(.text)
    __use_two_region_memory                  0x080004cd   Thumb Code     2  heapauxi.o(.text)
    __rt_heap_escrow                         0x080004cf   Thumb Code     2  heapauxi.o(.text)
    __rt_heap_expand                         0x080004d1   Thumb Code     2  heapauxi.o(.text)
    _printf_char_file                        0x080004d5   Thumb Code    32  _printf_char_file.o(.text)
    abort                                    0x080004f9   Thumb Code    22  abort.o(.text)
    __aeabi_memclr4                          0x0800050f   Thumb Code     0  rt_memclr_w.o(.text)
    __aeabi_memclr8                          0x0800050f   Thumb Code     0  rt_memclr_w.o(.text)
    __rt_memclr_w                            0x0800050f   Thumb Code     0  rt_memclr_w.o(.text)
    _memset_w                                0x08000513   Thumb Code    74  rt_memclr_w.o(.text)
    _ttywrch                                 0x0800055d   Thumb Code    14  sys_wrch.o(.text)
    _sys_exit                                0x0800056d   Thumb Code     8  sys_exit.o(.text)
    _printf_char_common                      0x08000583   Thumb Code    32  _printf_char_common.o(.text)
    ferror                                   0x080005a9   Thumb Code     8  ferror.o(.text)
    _initio                                  0x080005b1   Thumb Code   210  initio.o(.text)
    _terminateio                             0x08000683   Thumb Code    56  initio.o(.text)
    __rt_SIGABRT                             0x080006e9   Thumb Code    14  defsig_abrt_outer.o(.text)
    __I$use$semihosting                      0x080006f7   Thumb Code     0  use_no_semi.o(.text)
    __use_no_semihosting_swi                 0x080006f7   Thumb Code     2  use_no_semi.o(.text)
    __semihosting_library_function           0x080006f9   Thumb Code     0  indicate_semi.o(.text)
    __user_setup_stackheap                   0x080006f9   Thumb Code    74  sys_stackheap_outer.o(.text)
    free                                     0x08000743   Thumb Code    78  h1_free.o(.text)
    __printf                                 0x08000791   Thumb Code    40  __printf_nopercent.o(.text)
    __flsbuf                                 0x080007b9   Thumb Code   482  flsbuf.o(.text)
    __flsbuf_byte                            0x080007b9   Thumb Code     0  flsbuf.o(.text)
    __flsbuf_wide                            0x080007b9   Thumb Code     0  flsbuf.o(.text)
    setvbuf                                  0x0800099b   Thumb Code    70  setvbuf.o(.text)
    freopen                                  0x080009e1   Thumb Code   160  fopen.o(.text)
    fopen                                    0x08000a81   Thumb Code    74  fopen.o(.text)
    _fclose_internal                         0x08000ad1   Thumb Code    76  fclose.o(.text)
    fclose                                   0x08000ad1   Thumb Code     0  fclose.o(.text)
    exit                                     0x08000b1d   Thumb Code    18  exit.o(.text)
    __sig_exit                               0x08000b2f   Thumb Code    10  defsig_exit.o(.text)
    __rt_SIGABRT_inner                       0x08000b39   Thumb Code    14  defsig_abrt_inner.o(.text)
    __rt_SIGRTRED                            0x08000b69   Thumb Code    14  defsig_rtred_outer.o(.text)
    __user_libspace                          0x08000b79   Thumb Code     8  libspace.o(.text)
    __user_perproc_libspace                  0x08000b79   Thumb Code     0  libspace.o(.text)
    __user_perthread_libspace                0x08000b79   Thumb Code     0  libspace.o(.text)
    __rt_heap_descriptor                     0x08000b81   Thumb Code     8  rt_heap_descriptor_intlibspace.o(.text)
    __use_no_heap                            0x08000b89   Thumb Code     2  hguard.o(.text)
    __heap$guard                             0x08000b8b   Thumb Code     2  hguard.o(.text)
    _terminate_user_alloc                    0x08000b8d   Thumb Code     2  init_alloc.o(.text)
    _init_user_alloc                         0x08000b8f   Thumb Code     2  init_alloc.o(.text)
    __Heap_Full                              0x08000b91   Thumb Code    34  init_alloc.o(.text)
    __Heap_Broken                            0x08000bb3   Thumb Code     6  init_alloc.o(.text)
    _init_alloc                              0x08000bb9   Thumb Code    94  init_alloc.o(.text)
    malloc                                   0x08000c17   Thumb Code    94  h1_alloc.o(.text)
    _fseek                                   0x08000c75   Thumb Code   242  fseek.o(.text)
    fseek                                    0x08000c75   Thumb Code     0  fseek.o(.text)
    _seterr                                  0x08000d6d   Thumb Code    20  stdio.o(.text)
    _writebuf                                0x08000d81   Thumb Code   108  stdio.o(.text)
    _fflush                                  0x08000ded   Thumb Code    70  stdio.o(.text)
    _deferredlazyseek                        0x08000e33   Thumb Code    60  stdio.o(.text)
    __default_signal_display                 0x08000e75   Thumb Code    50  defsig_general.o(.text)
    __rt_SIGRTRED_inner                      0x08000ea9   Thumb Code    14  defsig_rtred_inner.o(.text)
    __assert_puts                            0x08000edd   Thumb Code    18  assert_stdio.o(.text)
    __Heap_Initialize                        0x08000ef5   Thumb Code     8  h1_init.o(.text)
    _maybe_terminate_alloc                   0x08000ef5   Thumb Code     0  maybetermalloc1.o(.text)
    __Heap_DescSize                          0x08000efd   Thumb Code     4  h1_init.o(.text)
    __Heap_ProvideMemory                     0x08000f01   Thumb Code    52  h1_extend.o(.text)
    _do_fflush                               0x08000f35   Thumb Code    54  fflush.o(.text)
    fflush                                   0x08000f6b   Thumb Code    42  fflush.o(.text)
    fputs                                    0x08000f99   Thumb Code    34  fputs.o(.text)
    _ftell_internal                          0x08000fbb   Thumb Code    66  ftell.o(.text)
    ftell                                    0x08000fbb   Thumb Code     0  ftell.o(.text)
    __rt_SIGRTMEM                            0x08000ffd   Thumb Code    14  defsig_rtmem_outer.o(.text)
    __aeabi_errno_addr                       0x0800100d   Thumb Code     8  rt_errno_addr_intlibspace.o(.text)
    __errno$intlibspace                      0x0800100d   Thumb Code     0  rt_errno_addr_intlibspace.o(.text)
    __rt_errno_addr$intlibspace              0x0800100d   Thumb Code     0  rt_errno_addr_intlibspace.o(.text)
    __rt_SIGRTMEM_inner                      0x08001015   Thumb Code    22  defsig_rtmem_inner.o(.text)
    HAL_GPIO_Init                            0x08001065   Thumb Code   414  stm32f4xx_hal_gpio.o(.text.HAL_GPIO_Init)
    HAL_Init                                 0x08001205   Thumb Code    46  stm32f4xx_hal.o(.text.HAL_Init)
    HAL_InitTick                             0x08001235   Thumb Code    72  stm32f4xx_hal.o(.text.HAL_InitTick)
    HAL_MspInit                              0x0800127d   Thumb Code     2  stm32f4xx_hal.o(.text.HAL_MspInit)
    HAL_NVIC_EnableIRQ                       0x08001281   Thumb Code    34  stm32f4xx_hal_cortex.o(.text.HAL_NVIC_EnableIRQ)
    HAL_NVIC_SetPriority                     0x080012a5   Thumb Code    86  stm32f4xx_hal_cortex.o(.text.HAL_NVIC_SetPriority)
    HAL_NVIC_SetPriorityGrouping             0x080012fd   Thumb Code    32  stm32f4xx_hal_cortex.o(.text.HAL_NVIC_SetPriorityGrouping)
    HAL_RCC_GetPCLK1Freq                     0x0800131d   Thumb Code    38  stm32f4xx_hal_rcc.o(.text.HAL_RCC_GetPCLK1Freq)
    HAL_RCC_GetPCLK2Freq                     0x08001345   Thumb Code    38  stm32f4xx_hal_rcc.o(.text.HAL_RCC_GetPCLK2Freq)
    HAL_SYSTICK_Config                       0x0800136d   Thumb Code    44  stm32f4xx_hal_cortex.o(.text.HAL_SYSTICK_Config)
    HAL_UART_Init                            0x08001399   Thumb Code    94  stm32f4xx_hal_uart.o(.text.HAL_UART_Init)
    HAL_UART_MspInit                         0x080013f9   Thumb Code   144  usart.o(.text.HAL_UART_MspInit)
    RingBuffer_GetChar                       0x08001489   Thumb Code    92  ring_buffer.o(.text.RingBuffer_GetChar)
    RingBuffer_Init                          0x080014e9   Thumb Code    88  ring_buffer.o(.text.RingBuffer_Init)
    RingBuffer_PutChar                       0x08001561   Thumb Code    82  ring_buffer.o(.text.RingBuffer_PutChar)
    SysTick_Handler                          0x080015b5   Thumb Code    16  delay.o(.text.SysTick_Handler)
    SystemInit                               0x080015c5   Thumb Code    18  system_stm32f4xx.o(.text.SystemInit)
    USART1_IRQHandler                        0x080016c9   Thumb Code   126  usart.o(.text.USART1_IRQHandler)
    USART_GetChar                            0x08001749   Thumb Code    24  usart.o(.text.USART_GetChar)
    USART_Init                               0x08001761   Thumb Code   272  usart.o(.text.USART_Init)
    USART_UnitTest                           0x08001885   Thumb Code   134  usart_unit_test.o(.text.USART_UnitTest)
    USART_WriteData                          0x0800190d   Thumb Code    68  usart.o(.text.USART_WriteData)
    _sys_close                               0x08001951   Thumb Code    20  retarget_io.o(.text._sys_close)
    _sys_flen                                0x08001965   Thumb Code     4  retarget_io.o(.text._sys_flen)
    _sys_istty                               0x08001969   Thumb Code    16  retarget_io.o(.text._sys_istty)
    _sys_open                                0x08001979   Thumb Code   102  retarget_io.o(.text._sys_open)
    _sys_seek                                0x080019e1   Thumb Code     6  retarget_io.o(.text._sys_seek)
    _sys_write                               0x080019e9   Thumb Code   458  retarget_io.o(.text._sys_write)
    main                                     0x08001bb5   Thumb Code    18  main.o(.text.main)
    fputc                                    0x08001bc7   Thumb Code    28  fputc.o(i.fputc)
    _fp_init                                 0x08001be3   Thumb Code    26  fpinit.o(x$fpl$fpinit)
    __fplib_config_fpu_vfp                   0x08001bfb   Thumb Code     0  fpinit.o(x$fpl$fpinit)
    __fplib_config_pureend_doubles           0x08001bfb   Thumb Code     0  fpinit.o(x$fpl$fpinit)
    APBPrescTable                            0x08001bfc   Data           8  system_stm32f4xx.o(.rodata.APBPrescTable)
    __stderr_name                            0x08001c04   Data           8  retarget_io.o(.rodata.__stderr_name)
    __stdin_name                             0x08001c0c   Data           7  retarget_io.o(.rodata.__stdin_name)
    __stdout_name                            0x08001c13   Data           8  retarget_io.o(.rodata.__stdout_name)
    Region$$Table$$Base                      0x08001c34   Number         0  anon$$obj.o(Region$$Table)
    Region$$Table$$Limit                     0x08001c54   Number         0  anon$$obj.o(Region$$Table)
    __aeabi_stdin                            0x20000000   Data           4  stdio_streams.o(.data)
    __aeabi_stdout                           0x20000004   Data           4  stdio_streams.o(.data)
    __aeabi_stderr                           0x20000008   Data           4  stdio_streams.o(.data)
    uwTickFreq                               0x2000000c   Data           1  stm32f4xx_hal.o(.data..L_MergedGlobals)
    uwTickPrio                               0x20000010   Data           4  stm32f4xx_hal.o(.data..L_MergedGlobals)
    SystemCoreClock                          0x20000014   Data           4  system_stm32f4xx.o(.data.SystemCoreClock)
    __stdin                                  0x20000018   Data          84  stdio_streams.o(.bss)
    __stdout                                 0x2000006c   Data          84  stdio_streams.o(.bss)
    __stderr                                 0x200000c0   Data          84  stdio_streams.o(.bss)
    __libspace_start                         0x20000114   Data          96  libspace.o(.bss)
    __temporary_stack_top$libspace           0x20000174   Data           0  libspace.o(.bss)
    ticks                                    0x200009e0   Data           4  delay.o(.bss.ticks)



==============================================================================

Memory Map of the image

  Image Entry point : 0x08000289

  Load Region LR_1 (Base: 0x08000000, Size: 0x00001c6c, Max: 0xffffffff, ABSOLUTE)

    Execution Region ER_RO (Exec base: 0x08000000, Load base: 0x08000000, Size: 0x00001c54, Max: 0xffffffff, ABSOLUTE)

    Exec Addr    Load Addr    Size         Type   Attr      Idx    E Section Name        Object

    0x08000000   0x08000000   0x000001ac   Data   RO          634    RESET               startup_stm32f429xx.o
    0x080001ac   0x080001ac   0x00000008   Code   RO          674  * !!!main             c_w.l(__main.o)
    0x080001b4   0x080001b4   0x0000005c   Code   RO         1039    !!!scatter          c_w.l(__scatter.o)
    0x08000210   0x08000210   0x0000001a   Code   RO         1043    !!handler_copy      c_w.l(__scatter_copy.o)
    0x0800022a   0x0800022a   0x00000002   PAD
    0x0800022c   0x0800022c   0x00000002   Code   RO         1040    !!handler_null      c_w.l(__scatter.o)
    0x0800022e   0x0800022e   0x00000002   PAD
    0x08000230   0x08000230   0x0000001c   Code   RO         1045    !!handler_zi        c_w.l(__scatter_zi.o)
    0x0800024c   0x0800024c   0x00000002   Code   RO          839    .ARM.Collect$$libinit$$00000000  c_w.l(libinit.o)
    0x0800024e   0x0800024e   0x00000004   Code   RO          840    .ARM.Collect$$libinit$$00000001  c_w.l(libinit2.o)
    0x08000252   0x08000252   0x00000000   Code   RO          843    .ARM.Collect$$libinit$$00000004  c_w.l(libinit2.o)
    0x08000252   0x08000252   0x00000000   Code   RO          845    .ARM.Collect$$libinit$$00000006  c_w.l(libinit2.o)
    0x08000252   0x08000252   0x00000008   Code   RO          846    .ARM.Collect$$libinit$$00000007  c_w.l(libinit2.o)
    0x0800025a   0x0800025a   0x00000000   Code   RO          848    .ARM.Collect$$libinit$$0000000C  c_w.l(libinit2.o)
    0x0800025a   0x0800025a   0x00000000   Code   RO          850    .ARM.Collect$$libinit$$0000000E  c_w.l(libinit2.o)
    0x0800025a   0x0800025a   0x00000000   Code   RO          852    .ARM.Collect$$libinit$$00000010  c_w.l(libinit2.o)
    0x0800025a   0x0800025a   0x00000000   Code   RO          855    .ARM.Collect$$libinit$$00000013  c_w.l(libinit2.o)
    0x0800025a   0x0800025a   0x00000000   Code   RO          857    .ARM.Collect$$libinit$$00000015  c_w.l(libinit2.o)
    0x0800025a   0x0800025a   0x00000000   Code   RO          859    .ARM.Collect$$libinit$$00000017  c_w.l(libinit2.o)
    0x0800025a   0x0800025a   0x00000000   Code   RO          861    .ARM.Collect$$libinit$$00000019  c_w.l(libinit2.o)
    0x0800025a   0x0800025a   0x00000000   Code   RO          863    .ARM.Collect$$libinit$$0000001B  c_w.l(libinit2.o)
    0x0800025a   0x0800025a   0x00000000   Code   RO          865    .ARM.Collect$$libinit$$0000001D  c_w.l(libinit2.o)
    0x0800025a   0x0800025a   0x00000000   Code   RO          867    .ARM.Collect$$libinit$$0000001F  c_w.l(libinit2.o)
    0x0800025a   0x0800025a   0x00000000   Code   RO          869    .ARM.Collect$$libinit$$00000021  c_w.l(libinit2.o)
    0x0800025a   0x0800025a   0x00000000   Code   RO          871    .ARM.Collect$$libinit$$00000023  c_w.l(libinit2.o)
    0x0800025a   0x0800025a   0x00000000   Code   RO          873    .ARM.Collect$$libinit$$00000025  c_w.l(libinit2.o)
    0x0800025a   0x0800025a   0x00000004   Code   RO          874    .ARM.Collect$$libinit$$00000026  c_w.l(libinit2.o)
    0x0800025e   0x0800025e   0x00000000   Code   RO          875    .ARM.Collect$$libinit$$00000027  c_w.l(libinit2.o)
    0x0800025e   0x0800025e   0x00000000   Code   RO          879    .ARM.Collect$$libinit$$0000002E  c_w.l(libinit2.o)
    0x0800025e   0x0800025e   0x00000000   Code   RO          881    .ARM.Collect$$libinit$$00000030  c_w.l(libinit2.o)
    0x0800025e   0x0800025e   0x00000000   Code   RO          883    .ARM.Collect$$libinit$$00000032  c_w.l(libinit2.o)
    0x0800025e   0x0800025e   0x00000000   Code   RO          885    .ARM.Collect$$libinit$$00000034  c_w.l(libinit2.o)
    0x0800025e   0x0800025e   0x00000002   Code   RO          886    .ARM.Collect$$libinit$$00000035  c_w.l(libinit2.o)
    0x08000260   0x08000260   0x00000002   Code   RO         1032    .ARM.Collect$$libshutdown$$00000000  c_w.l(libshutdown.o)
    0x08000262   0x08000262   0x00000000   Code   RO          888    .ARM.Collect$$libshutdown$$00000002  c_w.l(libshutdown2.o)
    0x08000262   0x08000262   0x00000004   Code   RO          889    .ARM.Collect$$libshutdown$$00000003  c_w.l(libshutdown2.o)
    0x08000266   0x08000266   0x00000000   Code   RO          890    .ARM.Collect$$libshutdown$$00000004  c_w.l(libshutdown2.o)
    0x08000266   0x08000266   0x00000000   Code   RO          893    .ARM.Collect$$libshutdown$$00000007  c_w.l(libshutdown2.o)
    0x08000266   0x08000266   0x00000000   Code   RO          896    .ARM.Collect$$libshutdown$$0000000A  c_w.l(libshutdown2.o)
    0x08000266   0x08000266   0x00000000   Code   RO          898    .ARM.Collect$$libshutdown$$0000000C  c_w.l(libshutdown2.o)
    0x08000266   0x08000266   0x00000000   Code   RO          901    .ARM.Collect$$libshutdown$$0000000F  c_w.l(libshutdown2.o)
    0x08000266   0x08000266   0x00000002   Code   RO          902    .ARM.Collect$$libshutdown$$00000010  c_w.l(libshutdown2.o)
    0x08000268   0x08000268   0x00000000   Code   RO          676    .ARM.Collect$$rtentry$$00000000  c_w.l(__rtentry.o)
    0x08000268   0x08000268   0x00000000   Code   RO          704    .ARM.Collect$$rtentry$$00000002  c_w.l(__rtentry2.o)
    0x08000268   0x08000268   0x00000006   Code   RO          716    .ARM.Collect$$rtentry$$00000004  c_w.l(__rtentry4.o)
    0x0800026e   0x0800026e   0x00000000   Code   RO          706    .ARM.Collect$$rtentry$$00000009  c_w.l(__rtentry2.o)
    0x0800026e   0x0800026e   0x00000004   Code   RO          707    .ARM.Collect$$rtentry$$0000000A  c_w.l(__rtentry2.o)
    0x08000272   0x08000272   0x00000000   Code   RO          709    .ARM.Collect$$rtentry$$0000000C  c_w.l(__rtentry2.o)
    0x08000272   0x08000272   0x00000008   Code   RO          710    .ARM.Collect$$rtentry$$0000000D  c_w.l(__rtentry2.o)
    0x0800027a   0x0800027a   0x00000002   Code   RO          908    .ARM.Collect$$rtexit$$00000000  c_w.l(rtexit.o)
    0x0800027c   0x0800027c   0x00000000   Code   RO          962    .ARM.Collect$$rtexit$$00000002  c_w.l(rtexit2.o)
    0x0800027c   0x0800027c   0x00000004   Code   RO          963    .ARM.Collect$$rtexit$$00000003  c_w.l(rtexit2.o)
    0x08000280   0x08000280   0x00000006   Code   RO          964    .ARM.Collect$$rtexit$$00000004  c_w.l(rtexit2.o)
    0x08000286   0x08000286   0x00000002   PAD
    0x08000288   0x08000288   0x00000040   Code   RO          635  * .text               startup_stm32f429xx.o
    0x080002c8   0x080002c8   0x000000f0   Code   RO          658    .text               c_w.l(lludivv7m.o)
    0x080003b8   0x080003b8   0x00000018   Code   RO          662    .text               c_w.l(noretval__2printf.o)
    0x080003d0   0x080003d0   0x00000080   Code   RO          664    .text               c_w.l(assert.o)
    0x08000450   0x08000450   0x0000007c   Code   RO          670    .text               c_w.l(strcmpv7em.o)
    0x080004cc   0x080004cc   0x00000006   Code   RO          672    .text               c_w.l(heapauxi.o)
    0x080004d2   0x080004d2   0x00000002   PAD
    0x080004d4   0x080004d4   0x00000024   Code   RO          681    .text               c_w.l(_printf_char_file.o)
    0x080004f8   0x080004f8   0x00000016   Code   RO          689    .text               c_w.l(abort.o)
    0x0800050e   0x0800050e   0x0000004e   Code   RO          693    .text               c_w.l(rt_memclr_w.o)
    0x0800055c   0x0800055c   0x0000000e   Code   RO          695    .text               c_w.l(sys_wrch.o)
    0x0800056a   0x0800056a   0x00000002   PAD
    0x0800056c   0x0800056c   0x0000000c   Code   RO          697    .text               c_w.l(sys_exit.o)
    0x08000578   0x08000578   0x00000030   Code   RO          720    .text               c_w.l(_printf_char_common.o)
    0x080005a8   0x080005a8   0x00000008   Code   RO          722    .text               c_w.l(ferror.o)
    0x080005b0   0x080005b0   0x00000138   Code   RO          728    .text               c_w.l(initio.o)
    0x080006e8   0x080006e8   0x0000000e   Code   RO          736    .text               c_w.l(defsig_abrt_outer.o)
    0x080006f6   0x080006f6   0x00000002   Code   RO          740    .text               c_w.l(use_no_semi.o)
    0x080006f8   0x080006f8   0x00000000   Code   RO          744    .text               c_w.l(indicate_semi.o)
    0x080006f8   0x080006f8   0x0000004a   Code   RO          745    .text               c_w.l(sys_stackheap_outer.o)
    0x08000742   0x08000742   0x0000004e   Code   RO          751    .text               c_w.l(h1_free.o)
    0x08000790   0x08000790   0x00000028   Code   RO          805    .text               c_w.l(__printf_nopercent.o)
    0x080007b8   0x080007b8   0x000001e2   Code   RO          807    .text               c_w.l(flsbuf.o)
    0x0800099a   0x0800099a   0x00000046   Code   RO          809    .text               c_w.l(setvbuf.o)
    0x080009e0   0x080009e0   0x000000f0   Code   RO          812    .text               c_w.l(fopen.o)
    0x08000ad0   0x08000ad0   0x0000004c   Code   RO          814    .text               c_w.l(fclose.o)
    0x08000b1c   0x08000b1c   0x00000012   Code   RO          820    .text               c_w.l(exit.o)
    0x08000b2e   0x08000b2e   0x0000000a   Code   RO          822    .text               c_w.l(defsig_exit.o)
    0x08000b38   0x08000b38   0x00000030   Code   RO          824    .text               c_w.l(defsig_abrt_inner.o)
    0x08000b68   0x08000b68   0x0000000e   Code   RO          830    .text               c_w.l(defsig_rtred_outer.o)
    0x08000b76   0x08000b76   0x00000002   PAD
    0x08000b78   0x08000b78   0x00000008   Code   RO          905    .text               c_w.l(libspace.o)
    0x08000b80   0x08000b80   0x00000008   Code   RO          913    .text               c_w.l(rt_heap_descriptor_intlibspace.o)
    0x08000b88   0x08000b88   0x00000004   Code   RO          915    .text               c_w.l(hguard.o)
    0x08000b8c   0x08000b8c   0x0000008a   Code   RO          917    .text               c_w.l(init_alloc.o)
    0x08000c16   0x08000c16   0x0000005e   Code   RO          923    .text               c_w.l(h1_alloc.o)
    0x08000c74   0x08000c74   0x000000f8   Code   RO          937    .text               c_w.l(fseek.o)
    0x08000d6c   0x08000d6c   0x00000108   Code   RO          939    .text               c_w.l(stdio.o)
    0x08000e74   0x08000e74   0x00000032   Code   RO          947    .text               c_w.l(defsig_general.o)
    0x08000ea6   0x08000ea6   0x00000002   PAD
    0x08000ea8   0x08000ea8   0x00000034   Code   RO          951    .text               c_w.l(defsig_rtred_inner.o)
    0x08000edc   0x08000edc   0x00000018   Code   RO          953    .text               c_w.l(assert_stdio.o)
    0x08000ef4   0x08000ef4   0x00000000   Code   RO          968    .text               c_w.l(maybetermalloc1.o)
    0x08000ef4   0x08000ef4   0x0000000c   Code   RO          970    .text               c_w.l(h1_init.o)
    0x08000f00   0x08000f00   0x00000034   Code   RO          972    .text               c_w.l(h1_extend.o)
    0x08000f34   0x08000f34   0x00000064   Code   RO          978    .text               c_w.l(fflush.o)
    0x08000f98   0x08000f98   0x00000022   Code   RO          980    .text               c_w.l(fputs.o)
    0x08000fba   0x08000fba   0x00000042   Code   RO          982    .text               c_w.l(ftell.o)
    0x08000ffc   0x08000ffc   0x0000000e   Code   RO          988    .text               c_w.l(defsig_rtmem_outer.o)
    0x0800100a   0x0800100a   0x00000002   PAD
    0x0800100c   0x0800100c   0x00000008   Code   RO         1012    .text               c_w.l(rt_errno_addr_intlibspace.o)
    0x08001014   0x08001014   0x00000050   Code   RO         1018    .text               c_w.l(defsig_rtmem_inner.o)
    0x08001064   0x08001064   0x0000019e   Code   RO          279    .text.HAL_GPIO_Init  stm32f4xx_hal_gpio.o
    0x08001202   0x08001202   0x00000002   PAD
    0x08001204   0x08001204   0x0000002e   Code   RO          118    .text.HAL_Init      stm32f4xx_hal.o
    0x08001232   0x08001232   0x00000002   PAD
    0x08001234   0x08001234   0x00000048   Code   RO          120    .text.HAL_InitTick  stm32f4xx_hal.o
    0x0800127c   0x0800127c   0x00000002   Code   RO          122    .text.HAL_MspInit   stm32f4xx_hal.o
    0x0800127e   0x0800127e   0x00000002   PAD
    0x08001280   0x08001280   0x00000022   Code   RO          190    .text.HAL_NVIC_EnableIRQ  stm32f4xx_hal_cortex.o
    0x080012a2   0x080012a2   0x00000002   PAD
    0x080012a4   0x080012a4   0x00000056   Code   RO          188    .text.HAL_NVIC_SetPriority  stm32f4xx_hal_cortex.o
    0x080012fa   0x080012fa   0x00000002   PAD
    0x080012fc   0x080012fc   0x00000020   Code   RO          186    .text.HAL_NVIC_SetPriorityGrouping  stm32f4xx_hal_cortex.o
    0x0800131c   0x0800131c   0x00000026   Code   RO          387    .text.HAL_RCC_GetPCLK1Freq  stm32f4xx_hal_rcc.o
    0x08001342   0x08001342   0x00000002   PAD
    0x08001344   0x08001344   0x00000026   Code   RO          389    .text.HAL_RCC_GetPCLK2Freq  stm32f4xx_hal_rcc.o
    0x0800136a   0x0800136a   0x00000002   PAD
    0x0800136c   0x0800136c   0x0000002c   Code   RO          198    .text.HAL_SYSTICK_Config  stm32f4xx_hal_cortex.o
    0x08001398   0x08001398   0x0000005e   Code   RO          431    .text.HAL_UART_Init  stm32f4xx_hal_uart.o
    0x080013f6   0x080013f6   0x00000002   PAD
    0x080013f8   0x080013f8   0x00000090   Code   RO           62    .text.HAL_UART_MspInit  usart.o
    0x08001488   0x08001488   0x00000060   Code   RO           39    .text.RingBuffer_GetChar  ring_buffer.o
    0x080014e8   0x080014e8   0x00000078   Code   RO           27    .text.RingBuffer_Init  ring_buffer.o
    0x08001560   0x08001560   0x00000052   Code   RO           37    .text.RingBuffer_PutChar  ring_buffer.o
    0x080015b2   0x080015b2   0x00000002   PAD
    0x080015b4   0x080015b4   0x00000010   Code   RO           14    .text.SysTick_Handler  delay.o
    0x080015c4   0x080015c4   0x00000012   Code   RO          642    .text.SystemInit    system_stm32f4xx.o
    0x080015d6   0x080015d6   0x00000002   PAD
    0x080015d8   0x080015d8   0x000000ee   Code   RO          435    .text.UART_SetConfig  stm32f4xx_hal_uart.o
    0x080016c6   0x080016c6   0x00000002   PAD
    0x080016c8   0x080016c8   0x0000007e   Code   RO           60    .text.USART1_IRQHandler  usart.o
    0x08001746   0x08001746   0x00000002   PAD
    0x08001748   0x08001748   0x00000018   Code   RO           56    .text.USART_GetChar  usart.o
    0x08001760   0x08001760   0x00000124   Code   RO           66    .text.USART_Init    usart.o
    0x08001884   0x08001884   0x00000086   Code   RO           79    .text.USART_UnitTest  usart_unit_test.o
    0x0800190a   0x0800190a   0x00000002   PAD
    0x0800190c   0x0800190c   0x00000044   Code   RO           52    .text.USART_WriteData  usart.o
    0x08001950   0x08001950   0x00000014   Code   RO           94    .text._sys_close    retarget_io.o
    0x08001964   0x08001964   0x00000004   Code   RO          104    .text._sys_flen     retarget_io.o
    0x08001968   0x08001968   0x00000010   Code   RO          100    .text._sys_istty    retarget_io.o
    0x08001978   0x08001978   0x00000066   Code   RO           92    .text._sys_open     retarget_io.o
    0x080019de   0x080019de   0x00000002   PAD
    0x080019e0   0x080019e0   0x00000006   Code   RO          102    .text._sys_seek     retarget_io.o
    0x080019e6   0x080019e6   0x00000002   PAD
    0x080019e8   0x080019e8   0x000001ca   Code   RO           96    .text._sys_write    retarget_io.o
    0x08001bb2   0x08001bb2   0x00000002   PAD
    0x08001bb4   0x08001bb4   0x00000012   Code   RO            4    .text.main          main.o
    0x08001bc6   0x08001bc6   0x0000001c   Code   RO          725    i.fputc             c_w.l(fputc.o)
    0x08001be2   0x08001be2   0x0000001a   Code   RO          959    x$fpl$fpinit        fz_wm.l(fpinit.o)
    0x08001bfc   0x08001bfc   0x00000008   Data   RO          648    .rodata.APBPrescTable  system_stm32f4xx.o
    0x08001c04   0x08001c04   0x00000008   Data   RO          109    .rodata.__stderr_name  retarget_io.o
    0x08001c0c   0x08001c0c   0x00000007   Data   RO          107    .rodata.__stdin_name  retarget_io.o
    0x08001c13   0x08001c13   0x00000008   Data   RO          108    .rodata.__stdout_name  retarget_io.o
    0x08001c1b   0x08001c1b   0x00000019   Data   RO           41    .rodata.str1.1      ring_buffer.o
    0x08001c34   0x08001c34   0x00000020   Data   RO         1038    Region$$Table       anon$$obj.o


    Execution Region ER_RW (Exec base: 0x20000000, Load base: 0x08001c54, Size: 0x00000018, Max: 0xffffffff, ABSOLUTE)

    Exec Addr    Load Addr    Size         Type   Attr      Idx    E Section Name        Object

    0x20000000   0x08001c54   0x00000004   Data   RW          686    .data               c_w.l(stdio_streams.o)
    0x20000004   0x08001c58   0x00000004   Data   RW          687    .data               c_w.l(stdio_streams.o)
    0x20000008   0x08001c5c   0x00000004   Data   RW          688    .data               c_w.l(stdio_streams.o)
    0x2000000c   0x08001c60   0x00000008   Data   RW          177    .data..L_MergedGlobals  stm32f4xx_hal.o
    0x20000014   0x08001c68   0x00000004   Data   RW          646    .data.SystemCoreClock  system_stm32f4xx.o


    Execution Region ER_ZI (Exec base: 0x20000018, Load base: 0x08001c6c, Size: 0x00000fd0, Max: 0xffffffff, ABSOLUTE)

    Exec Addr    Load Addr    Size         Type   Attr      Idx    E Section Name        Object

    0x20000018        -       0x00000054   Zero   RW          683    .bss                c_w.l(stdio_streams.o)
    0x2000006c        -       0x00000054   Zero   RW          684    .bss                c_w.l(stdio_streams.o)
    0x200000c0        -       0x00000054   Zero   RW          685    .bss                c_w.l(stdio_streams.o)
    0x20000114        -       0x00000060   Zero   RW          906    .bss                c_w.l(libspace.o)
    0x20000174        -       0x0000006c   Zero   RW           70    .bss..L_MergedGlobals  usart.o
    0x200001e0        -       0x00000400   Zero   RW           69    .bss.RingBufferData_Rx  usart.o
    0x200005e0        -       0x00000400   Zero   RW           68    .bss.RingBufferData_Tx  usart.o
    0x200009e0        -       0x00000004   Zero   RW           18    .bss.ticks          delay.o
    0x200009e4   0x08001c6c   0x00000004   PAD
    0x200009e8        -       0x00000200   Zero   RW          633    HEAP                startup_stm32f429xx.o
    0x20000be8        -       0x00000400   Zero   RW          632    STACK               startup_stm32f429xx.o


==============================================================================

Image component sizes


      Code (inc. data)   RO Data    RW Data    ZI Data      Debug   Object Name

        16          0          0          0          4        686   delay.o
        18          0          0          0          0       2304   main.o
       606          0         23          0          0       4097   retarget_io.o
       298         36         25          0          0       2803   ring_buffer.o
        64         26        428          0       1536        868   startup_stm32f429xx.o
       120          0          0          8          0       7967   stm32f4xx_hal.o
       196          0          0          0          0      10957   stm32f4xx_hal_cortex.o
       414          0          0          0          0       5592   stm32f4xx_hal_gpio.o
        76          0          0          0          0       7644   stm32f4xx_hal_rcc.o
       332          0          0          0          0      32031   stm32f4xx_hal_uart.o
        18          0          8          4          0       2884   system_stm32f4xx.o
       654         20          0          0       2156      10485   usart.o
       134          0          0          0          0        857   usart_unit_test.o

    ----------------------------------------------------------------------
      2978         82        516         12       3700      89175   Object Totals
         0          0         32          0          0          0   (incl. Generated)
        32          0          0          0          4          0   (incl. Padding)

    ----------------------------------------------------------------------

      Code (inc. data)   RO Data    RW Data    ZI Data      Debug   Library Member Name

         8          0          0          0          0         68   __main.o
        40          0          0          0          0         84   __printf_nopercent.o
         0          0          0          0          0          0   __rtentry.o
        12          0          0          0          0          0   __rtentry2.o
         6          0          0          0          0          0   __rtentry4.o
        94          8          0          0          0          0   __scatter.o
        26          0          0          0          0          0   __scatter_copy.o
        28          0          0          0          0          0   __scatter_zi.o
        48          6          0          0          0         96   _printf_char_common.o
        36          4          0          0          0         80   _printf_char_file.o
        22          0          0          0          0         80   abort.o
       128         42          0          0          0         76   assert.o
        24          6          0          0          0         80   assert_stdio.o
        48         34          0          0          0         76   defsig_abrt_inner.o
        14          0          0          0          0         80   defsig_abrt_outer.o
        10          0          0          0          0         68   defsig_exit.o
        50          0          0          0          0         88   defsig_general.o
        80         58          0          0          0         76   defsig_rtmem_inner.o
        14          0          0          0          0         80   defsig_rtmem_outer.o
        52         38          0          0          0         76   defsig_rtred_inner.o
        14          0          0          0          0         80   defsig_rtred_outer.o
        18          0          0          0          0         80   exit.o
        76          0          0          0          0         88   fclose.o
         8          0          0          0          0         68   ferror.o
       100          4          0          0          0        120   fflush.o
       482          0          0          0          0         92   flsbuf.o
       240          6          0          0          0        128   fopen.o
        28          0          0          0          0         68   fputc.o
        34          0          0          0          0         80   fputs.o
       248          6          0          0          0         84   fseek.o
        66          0          0          0          0         76   ftell.o
        94          0          0          0          0         80   h1_alloc.o
        52          0          0          0          0         68   h1_extend.o
        78          0          0          0          0         80   h1_free.o
        12          0          0          0          0         84   h1_init.o
         6          0          0          0          0        152   heapauxi.o
         4          0          0          0          0        136   hguard.o
         0          0          0          0          0          0   indicate_semi.o
       138          0          0          0          0        168   init_alloc.o
       312         46          0          0          0        112   initio.o
         2          0          0          0          0          0   libinit.o
        18          0          0          0          0          0   libinit2.o
         2          0          0          0          0          0   libshutdown.o
         6          0          0          0          0          0   libshutdown2.o
         8          4          0          0         96         68   libspace.o
       240          0          0          0          0        100   lludivv7m.o
         0          0          0          0          0          0   maybetermalloc1.o
        24          4          0          0          0         84   noretval__2printf.o
         8          4          0          0          0         68   rt_errno_addr_intlibspace.o
         8          4          0          0          0         68   rt_heap_descriptor_intlibspace.o
        78          0          0          0          0         80   rt_memclr_w.o
         2          0          0          0          0          0   rtexit.o
        10          0          0          0          0          0   rtexit2.o
        70          0          0          0          0         80   setvbuf.o
       264          6          0          0          0        160   stdio.o
         0          0          0         12        252          0   stdio_streams.o
       124          0          0          0          0         88   strcmpv7em.o
        12          4          0          0          0         68   sys_exit.o
        74          0          0          0          0         80   sys_stackheap_outer.o
        14          0          0          0          0         76   sys_wrch.o
         2          0          0          0          0         68   use_no_semi.o
        26          0          0          0          0        116   fpinit.o

    ----------------------------------------------------------------------
      3758        284          0         12        348       4156   Library Totals
        16          0          0          0          0          0   (incl. Padding)

    ----------------------------------------------------------------------

      Code (inc. data)   RO Data    RW Data    ZI Data      Debug   Library Name

      3716        284          0         12        348       4040   c_w.l
        26          0          0          0          0        116   fz_wm.l

    ----------------------------------------------------------------------
      3758        284          0         12        348       4156   Library Totals

    ----------------------------------------------------------------------

==============================================================================


      Code (inc. data)   RO Data    RW Data    ZI Data      Debug   

      6736        366        516         24       4048      90943   Grand Totals
      6736        366        516         24       4048      90943   ELF Image Totals
      6736        366        516         24          0          0   ROM Totals

==============================================================================

    Total RO  Size (Code + RO Data)                 7252 (   7.08kB)
    Total RW  Size (RW Data + ZI Data)              4072 (   3.98kB)
    Total ROM Size (Code + RO Data + RW Data)       7276 (   7.11kB)

==============================================================================

